
 Start         Length     Name                   Class
 0001:00000000 00057FDCH .text                   CODE
 0002:00000000 0000122CH .data                   DATA
 0002:0000122C 00000BC1H .bss                    BSS


Detailed map of segments

 0001:00000000 000052A3 C=CODE     S=.text    G=(none)   M=System   ACBP=A9
 0001:000052A4 00000158 C=CODE     S=.text    G=(none)   M=SysInit  ACBP=A9
 0001:000053FC 00000078 C=CODE     S=.text    G=(none)   M=Types    ACBP=A9
 0001:00005474 00000D34 C=CODE     S=.text    G=(none)   M=Windows  ACBP=A9
 0001:000061A8 00000038 C=CODE     S=.text    G=(none)   M=Messages ACBP=A9
 0001:000061E0 00000340 C=CODE     S=.text    G=(none)   M=SysConst ACBP=A9
 0001:00006520 00006D54 C=CODE     S=.text    G=(none)   M=SysUtils ACBP=A9
 0001:0000D274 00000807 C=CODE     S=.text    G=(none)   M=VarUtils ACBP=A9
 0001:0000DA7C 00002A42 C=CODE     S=.text    G=(none)   M=Variants ACBP=A9
 0001:000104C0 00000138 C=CODE     S=.text    G=(none)   M=RTLConsts ACBP=A9
 0001:000105F8 00000804 C=CODE     S=.text    G=(none)   M=TypInfo  ACBP=A9
 0001:00010DFC 00000038 C=CODE     S=.text    G=(none)   M=ActiveX  ACBP=A9
 0001:00010E34 0000A086 C=CODE     S=.text    G=(none)   M=Classes  ACBP=A9
 0001:0001AEBC 00000278 C=CODE     S=.text    G=(none)   M=Consts   ACBP=A9
 0001:0001B134 00008D47 C=CODE     S=.text    G=(none)   M=Graphics ACBP=A9
 0001:00023E7C 00000048 C=CODE     S=.text    G=(none)   M=Math     ACBP=A9
 0001:00023EC4 000002D4 C=CODE     S=.text    G=(none)   M=Contnrs  ACBP=A9
 0001:00024198 000000FC C=CODE     S=.text    G=(none)   M=CommCtrl ACBP=A9
 0001:00024294 00000793 C=CODE     S=.text    G=(none)   M=MultiMon ACBP=A9
 0001:00024A28 00000038 C=CODE     S=.text    G=(none)   M=Imm      ACBP=A9
 0001:00024A60 00000FF8 C=CODE     S=.text    G=(none)   M=HelpIntfs ACBP=A9
 0001:00025A58 00000038 C=CODE     S=.text    G=(none)   M=WinSpool ACBP=A9
 0001:00025A90 00000044 C=CODE     S=.text    G=(none)   M=Printers ACBP=A9
 0001:00025AD4 0000031F C=CODE     S=.text    G=(none)   M=FlatSB   ACBP=A9
 0001:00025DF4 000001A4 C=CODE     S=.text    G=(none)   M=SyncObjs ACBP=A9
 0001:00025F98 000009BB C=CODE     S=.text    G=(none)   M=UxTheme  ACBP=A9
 0001:00026954 00000A40 C=CODE     S=.text    G=(none)   M=Themes   ACBP=A9
 0001:00027394 00003B94 C=CODE     S=.text    G=(none)   M=StdCtrls ACBP=A9
 0001:0002AF28 00000038 C=CODE     S=.text    G=(none)   M=ShellAPI ACBP=A9
 0001:0002AF60 00000038 C=CODE     S=.text    G=(none)   M=RegStr   ACBP=A9
 0001:0002AF98 00000038 C=CODE     S=.text    G=(none)   M=WinInet  ACBP=A9
 0001:0002AFD0 00000038 C=CODE     S=.text    G=(none)   M=UrlMon   ACBP=A9
 0001:0002B008 00000038 C=CODE     S=.text    G=(none)   M=ShlObj   ACBP=A9
 0001:0002B040 00000038 C=CODE     S=.text    G=(none)   M=CommDlg  ACBP=A9
 0001:0002B078 000011AE C=CODE     S=.text    G=(none)   M=ExtCtrls ACBP=A9
 0001:0002C228 00000038 C=CODE     S=.text    G=(none)   M=Dlgs     ACBP=A9
 0001:0002C260 0000130D C=CODE     S=.text    G=(none)   M=Dialogs  ACBP=A9
 0001:0002D570 00000094 C=CODE     S=.text    G=(none)   M=Clipbrd  ACBP=A9
 0001:0002D604 00000038 C=CODE     S=.text    G=(none)   M=StrUtils ACBP=A9
 0001:0002D63C 00000168 C=CODE     S=.text    G=(none)   M=StdActns ACBP=A9
 0001:0002D7A4 00000D1F C=CODE     S=.text    G=(none)   M=WinHelpViewer ACBP=A9
 0001:0002E4C4 00010BF7 C=CODE     S=.text    G=(none)   M=Controls ACBP=A9
 0001:0003F0BC 00001292 C=CODE     S=.text    G=(none)   M=ActnList ACBP=A9
 0001:00040350 0000170C C=CODE     S=.text    G=(none)   M=ImgList  ACBP=A9
 0001:00041A5C 000066AD C=CODE     S=.text    G=(none)   M=Menus    ACBP=A9
 0001:0004810C 0000C5A4 C=CODE     S=.text    G=(none)   M=Forms    ACBP=A9
 0001:000546B0 00001028 C=CODE     S=.text    G=(none)   M=IniFiles ACBP=A9
 0001:000556D8 00000BAC C=CODE     S=.text    G=(none)   M=FileSystemWatcher ACBP=A9
 0001:00056284 00000FE8 C=CODE     S=.text    G=(none)   M=DosCommand ACBP=A9
 0001:0005726C 00000A50 C=CODE     S=.text    G=(none)   M=main     ACBP=A9
 0001:00057CBC 00000108 C=CODE     S=.text    G=(none)   M=ClientFunction ACBP=A9
 0001:00057DC4 00000215 C=CODE     S=.text    G=(none)   M=workermanHelper ACBP=A9
 0002:00000000 0000009C C=DATA     S=.data    G=DGROUP   M=System   ACBP=A9
 0002:0000009C 00000020 C=DATA     S=.data    G=DGROUP   M=SysInit  ACBP=A9
 0002:000000BC 00000254 C=DATA     S=.data    G=DGROUP   M=SysUtils ACBP=A9
 0002:00000310 00000008 C=DATA     S=.data    G=DGROUP   M=VarUtils ACBP=A9
 0002:00000318 0000008E C=DATA     S=.data    G=DGROUP   M=Variants ACBP=A9
 0002:000003A8 0000000C C=DATA     S=.data    G=DGROUP   M=TypInfo  ACBP=A9
 0002:000003B4 000000E4 C=DATA     S=.data    G=DGROUP   M=Classes  ACBP=A9
 0002:00000498 00000304 C=DATA     S=.data    G=DGROUP   M=Graphics ACBP=A9
 0002:0000079C 00000004 C=DATA     S=.data    G=DGROUP   M=Printers ACBP=A9
 0002:000007A0 00000068 C=DATA     S=.data    G=DGROUP   M=Themes   ACBP=A9
 0002:00000808 00000080 C=DATA     S=.data    G=DGROUP   M=StdCtrls ACBP=A9
 0002:00000888 00000178 C=DATA     S=.data    G=DGROUP   M=ExtCtrls ACBP=A9
 0002:00000A00 000000B4 C=DATA     S=.data    G=DGROUP   M=Dialogs  ACBP=A9
 0002:00000AB4 0000013C C=DATA     S=.data    G=DGROUP   M=Controls ACBP=A9
 0002:00000BF0 00000020 C=DATA     S=.data    G=DGROUP   M=ImgList  ACBP=A9
 0002:00000C10 000000EC C=DATA     S=.data    G=DGROUP   M=Menus    ACBP=A9
 0002:00000CFC 0000011C C=DATA     S=.data    G=DGROUP   M=Forms    ACBP=A9
 0002:00000E18 00000008 C=DATA     S=.data    G=DGROUP   M=IniFiles ACBP=A9
 0002:00000E20 00000002 C=DATA     S=.data    G=DGROUP   M=DosCommand ACBP=A9
 0002:00002000 00000660 C=BSS      S=.bss     G=DGROUP   M=System   ACBP=A9
 0002:00002660 00000010 C=BSS      S=.bss     G=DGROUP   M=SysInit  ACBP=A9
 0002:00002670 00000004 C=BSS      S=.bss     G=DGROUP   M=Types    ACBP=A9
 0002:00002674 00000004 C=BSS      S=.bss     G=DGROUP   M=Windows  ACBP=A9
 0002:00002678 00000004 C=BSS      S=.bss     G=DGROUP   M=Messages ACBP=A9
 0002:0000267C 00000004 C=BSS      S=.bss     G=DGROUP   M=SysConst ACBP=A9
 0002:00002680 00000120 C=BSS      S=.bss     G=DGROUP   M=SysUtils ACBP=A9
 0002:000027A0 0000005C C=BSS      S=.bss     G=DGROUP   M=VarUtils ACBP=A9
 0002:000027FC 00000040 C=BSS      S=.bss     G=DGROUP   M=Variants ACBP=A9
 0002:0000283C 00000004 C=BSS      S=.bss     G=DGROUP   M=RTLConsts ACBP=A9
 0002:00002840 00000004 C=BSS      S=.bss     G=DGROUP   M=TypInfo  ACBP=A9
 0002:00002844 00000004 C=BSS      S=.bss     G=DGROUP   M=ActiveX  ACBP=A9
 0002:00002848 00000044 C=BSS      S=.bss     G=DGROUP   M=Classes  ACBP=A9
 0002:0000288C 00000004 C=BSS      S=.bss     G=DGROUP   M=Consts   ACBP=A9
 0002:00002890 00000060 C=BSS      S=.bss     G=DGROUP   M=Graphics ACBP=A9
 0002:000028F0 00000004 C=BSS      S=.bss     G=DGROUP   M=Math     ACBP=A9
 0002:000028F4 00000004 C=BSS      S=.bss     G=DGROUP   M=Contnrs  ACBP=A9
 0002:000028F8 00000004 C=BSS      S=.bss     G=DGROUP   M=CommCtrl ACBP=A9
 0002:000028FC 00000031 C=BSS      S=.bss     G=DGROUP   M=MultiMon ACBP=A9
 0002:00002930 00000004 C=BSS      S=.bss     G=DGROUP   M=Imm      ACBP=A9
 0002:00002934 00000008 C=BSS      S=.bss     G=DGROUP   M=HelpIntfs ACBP=A9
 0002:0000293C 00000004 C=BSS      S=.bss     G=DGROUP   M=WinSpool ACBP=A9
 0002:00002940 00000004 C=BSS      S=.bss     G=DGROUP   M=Printers ACBP=A9
 0002:00002944 00000034 C=BSS      S=.bss     G=DGROUP   M=FlatSB   ACBP=A9
 0002:00002978 00000004 C=BSS      S=.bss     G=DGROUP   M=SyncObjs ACBP=A9
 0002:0000297C 000000CC C=BSS      S=.bss     G=DGROUP   M=UxTheme  ACBP=A9
 0002:00002A48 00000008 C=BSS      S=.bss     G=DGROUP   M=Themes   ACBP=A9
 0002:00002A50 00000004 C=BSS      S=.bss     G=DGROUP   M=StdCtrls ACBP=A9
 0002:00002A54 00000004 C=BSS      S=.bss     G=DGROUP   M=ShellAPI ACBP=A9
 0002:00002A58 00000004 C=BSS      S=.bss     G=DGROUP   M=RegStr   ACBP=A9
 0002:00002A5C 00000004 C=BSS      S=.bss     G=DGROUP   M=WinInet  ACBP=A9
 0002:00002A60 00000004 C=BSS      S=.bss     G=DGROUP   M=UrlMon   ACBP=A9
 0002:00002A64 00000004 C=BSS      S=.bss     G=DGROUP   M=ShlObj   ACBP=A9
 0002:00002A68 00000004 C=BSS      S=.bss     G=DGROUP   M=CommDlg  ACBP=A9
 0002:00002A6C 00000004 C=BSS      S=.bss     G=DGROUP   M=ExtCtrls ACBP=A9
 0002:00002A70 00000004 C=BSS      S=.bss     G=DGROUP   M=Dlgs     ACBP=A9
 0002:00002A74 00000038 C=BSS      S=.bss     G=DGROUP   M=Dialogs  ACBP=A9
 0002:00002AAC 0000000C C=BSS      S=.bss     G=DGROUP   M=Clipbrd  ACBP=A9
 0002:00002AB8 00000004 C=BSS      S=.bss     G=DGROUP   M=StrUtils ACBP=A9
 0002:00002ABC 00000004 C=BSS      S=.bss     G=DGROUP   M=StdActns ACBP=A9
 0002:00002AC0 00000014 C=BSS      S=.bss     G=DGROUP   M=WinHelpViewer ACBP=A9
 0002:00002AD4 00000080 C=BSS      S=.bss     G=DGROUP   M=Controls ACBP=A9
 0002:00002B54 00000004 C=BSS      S=.bss     G=DGROUP   M=ActnList ACBP=A9
 0002:00002B58 0000000C C=BSS      S=.bss     G=DGROUP   M=ImgList  ACBP=A9
 0002:00002B64 00000010 C=BSS      S=.bss     G=DGROUP   M=Menus    ACBP=A9
 0002:00002B74 00000020 C=BSS      S=.bss     G=DGROUP   M=Forms    ACBP=A9
 0002:00002B94 00000004 C=BSS      S=.bss     G=DGROUP   M=IniFiles ACBP=A9
 0002:00002B98 00000004 C=BSS      S=.bss     G=DGROUP   M=FileSystemWatcher ACBP=A9
 0002:00002B9C 00000004 C=BSS      S=.bss     G=DGROUP   M=DosCommand ACBP=A9
 0002:00002BA0 0000001C C=BSS      S=.bss     G=DGROUP   M=main     ACBP=A9
 0002:00002BBC 00000004 C=BSS      S=.bss     G=DGROUP   M=ClientFunction ACBP=A9


  Address         Publics by Name

 0002:00002A54       .1
 0002:00002A58       .1
 0002:00002668       .1
 0002:00002A38       .1
 0002:00002A5C       .1
 0002:0000267C       .1
 0002:000028F8       .1
 0002:00002930       .1
 0002:00002A60       .1
 0002:00002A70       .1
 0002:00002670       .1
 0002:0000288C       .1
 0002:00002BBC       .1
 0002:00002AC8       .1
 0002:0000291C       .1
 0002:00002AB8       .1
 0002:00002A68       .1
 0002:00002964       .1
 0002:00002678       .1
 0002:00002A64       .1
 0002:0000283C       .1
 0002:00002A74       .11
 0002:00002894       .12
 0002:00002A6C       .12
 0002:00002A48       .2
 0002:00002BB8       .2
 0002:00002AB0       .2
 0002:000028F0       .2
 0002:00002934       .2
 0002:000028F4       .21
 0002:00002674       .3
 0002:00002B98       .3
 0002:0000293C       .3
 0002:00002844       .3
 0002:00002B58       .3
 0002:00002940       .3
 0002:00002790       .35
 0002:00002B7C       .41
 0002:00002A50       .42
 0002:00002854       .45
 0002:000025B8       .5
 0002:000027F8       .5
 0002:00002840       .6
 0002:00002978       .6
 0002:00002B9C       .7
 0002:00002ADC       .72
 0002:00002ABC       .73
 0002:00002B54       .8
 0002:00002B94       .8
 0002:0000281C       .81
 0002:00002B6C       .9
 0001:00001EA8       @AbstractError
 0001:000029F8       @AfterConstruction
 0001:00002824       @AsClass
 0001:00002010       @AStrCmp
 0001:00002A08       @BeforeDestruction
 0001:00002870       @CallDynaInst
 0001:000029A0       @ClassCreate
 0001:000029F0       @ClassDestroy
 0001:00001F18       @Close
 0001:00001BF4       @Copy
 0001:0000415C       @CopyArray
 0001:00004040       @CopyRecord
 0001:00004284       @DispCallByIDError
 0001:0000E51C       @DispInvokeError
 0001:00004264       @Dispose
 0001:00002E84       @DoneExcept
 0001:000044D4       @DynArrayAsg
 0001:00004498       @DynArrayClear
 0001:000042B8       @DynArrayHigh
 0001:000042B0       @DynArrayLength
 0001:0000448C       @DynArraySetLength
 0001:00002F6C       @ExceptionHandler
 0001:00002080       @FillChar
 0001:0000401C       @Finalize
 0001:00003F30       @FinalizeArray
 0001:00003EE4       @FinalizeRecord
 0001:00002888       @FindDynaInst
 0001:000025A0       @FpuInit
 0001:000024DC       @FpuMaskInit
 0001:00001A68       @FreeMem
 0001:00001A38       @GetMem
 0001:00005334       @GetTls
 0001:000033DC       @Halt
 0001:000032FC       @Halt0
 0001:00002B1C       @HandleAnyException
 0001:00002DD0       @HandleFinally
 0001:00002C48       @HandleOnException
 0001:00005380       @InitExe
 0001:00003ED8       @Initialize
 0001:00003E44       @InitializeArray
 0001:00003E14       @InitializeRecord
 0001:000031C0       @InitImports
 0001:00003198       @InitResStringImports
 0001:00003174       @InitResStrings
 0001:00004C60       @IntfAddRef
 0001:00004C30       @IntfCast
 0001:00004BEC       @IntfClear
 0001:00004C04       @IntfCopy
 0001:00002800       @IsClass
 0001:000024AC       @isNECWindows
 0001:00003928       @LStrAddRef
 0001:0000349C       @LStrArrayClr
 0001:000034CC       @LStrAsg
 0001:00003740       @LStrCat
 0001:00003784       @LStrCat3
 0001:000037F8       @LStrCatN
 0001:00003478       @LStrClr
 0001:00003884       @LStrCmp
 0001:00003998       @LStrCopy
 0001:000039D8       @LStrDelete
 0001:000036E8       @LStrFromArray
 0001:00003660       @LStrFromChar
 0001:00003670       @LStrFromPChar
 0001:00003568       @LStrFromPCharLen
 0001:000036A0       @LStrFromPWChar
 0001:000035D4       @LStrFromPWCharLen
 0001:000036DC       @LStrFromString
 0001:00003700       @LStrFromWStr
 0001:00003A20       @LStrInsert
 0001:00003510       @LStrLAsg
 0001:00003738       @LStrLen
 0001:00003B28       @LStrOfChar
 0001:00003A7C       @LStrPos
 0001:00003AC4       @LStrSetLength
 0001:00003938       @LStrToPChar
 0001:00003714       @LStrToString
 0001:00004250       @New
 0001:0000353C       @NewAnsiString
 0001:00003B5C       @NewWideString
 0001:000021C0       @Pow10
 0001:00001F8C       @PStrCmp
 0001:00001F70       @PStrNCpy
 0001:00002E30       @RaiseAgain
 0001:00002E08       @RaiseExcept
 0001:00001A88       @ReallocMem
 0001:00001E78       @ROUND
 0001:000033E8       @RunError
 0001:000021A4       @SetEq
 0001:00003134       @StartExe
 0001:000002AC       @strlen
 0001:00001E84       @TRUNC
 0001:00002EB4       @TryFinallyExit
 0001:00003990       @UniqueStringA
 0001:000020A0       @ValLong
 0001:0000FC14       @VarAddRef
 0001:0000E808       @VarClear
 0001:0000E81C       @VarClr
 0001:00003F18       @VarClr
 0001:00004028       @VarCopy
 0001:0000EB44       @VarCopy
 0001:0000FB4C       @VarFromBool
 0001:0000FB9C       @VarFromCurr
 0001:0000FAE4       @VarFromInt
 0001:0000FB20       @VarFromInt64
 0001:0000FBB0       @VarFromLStr
 0001:0000FB74       @VarFromReal
 0001:0000FB88       @VarFromTDateTime
 0001:0000FBDC       @VarFromWStr
 0001:0000E570       @VarNull
 0001:0000EE70       @VarToLStr
 0001:0000F590       @VarToWStr
 0001:00003B9C       @WStrArrayClr
 0001:00003BC0       @WStrAsg
 0001:00003B84       @WStrClr
 0001:00003CFC       @WStrCmp
 0001:00003D80       @WStrCopy
 0001:00003CD0       @WStrFromLStr
 0001:00003BE4       @WStrFromPCharLen
 0001:00003C94       @WStrFromPWChar
 0001:00003C70       @WStrFromPWCharLen
 0001:00003CF0       @WStrLen
 0001:00003DCC       @WStrSetLength
 0001:00003CE0       @WStrToPWChar
 0001:00002180       @_CLenToPasStr
 0001:00002174       @_CToPasStr
 0001:00001BC4       @_IOTest
 0001:0000428C       @_llmul
 0001:00031018       AbsMin
 0001:0000B3A4       AbstractErrorHandler
 0002:00002028       AbstractErrorProc
 0002:00000140       AccessMode
 0001:00001B24       AcquireExceptionObject
 0001:000131EC       ActivateClassGroup
 0001:00005A00       ActivateKeyboardLayout
 0002:00002B10       ActiveDrag
 0001:00010E2C       ActiveX
 0001:00040324       ActnList
 0001:0000040C       AddBlockAfter
 0002:000003B4       AddDataModule
 0001:00007170       AddExitProc
 0001:00016544       AddFinished
 0001:00043690       AddIn
 0001:00004A54       AddModuleUnloadProc
 0001:00004A44       AddModuleUnloadProc
 0001:0001657C       AddNotFinished
 0001:00016FA0       AddSubComponentsToLoaded
 0001:00019460       AddThread
 0001:0001EB18       AdjustColor
 0001:00007584       AdjustLineBreaks
 0001:0004A734       Adjustment
 0001:00005A08       AdjustWindowRectEx
 0002:00000850       Alignments
 0002:00000CE4       Alignments
 0002:00000810       Alignments
 0002:00000CD4       Alignments
 0001:000366B0       AlignWork
 0001:000516B4       AlignWork
 0001:0001AC98       AllocateHWnd
 0001:00007114       AllocMem
 0002:000025B0       AllocMemCount
 0002:000025B4       AllocMemSize
 0001:00023C74       AllocPatternBitmap
 0001:000052C4       AllocTlsBuffer
 0002:00000AC0       AnchorAlign
 0002:00000AB4       AnimateWindowProc
 0002:00000BBC       AnimationStyle
 0001:00007378       AnsiCompareStr
 0001:000073B0       AnsiCompareText
 0001:00007470       AnsiExtractQuotedStr
 0001:00007C5C       AnsiLastChar
 0001:00005A10       AnsiLower
 0001:00007344       AnsiLowerCase
 0001:0000BD88       AnsiLowerCaseFileName
 0001:0000BD4C       AnsiPos
 0001:00047F18       AnsiSameCaption
 0001:000073E8       AnsiSameText
 0001:00007400       AnsiStrLIComp
 0001:0000BE14       AnsiStrPos
 0001:0000BED4       AnsiStrRScan
 0001:0000BF1C       AnsiStrScan
 0001:00005060       AnsiToUtf8
 0001:00007310       AnsiUpperCase
 0001:00009248       AppendChars
 0001:00009614       AppendFormat
 0001:000092AC       AppendNumber
 0001:0000928C       AppendString
 0002:00002B74       Application
 0002:000003C4       ApplicationHandleException
 0002:000003CC       ApplicationShowException
 0002:00000E10       AppVisible
 0001:0000B388       AssertErrorHandler
 0002:00002020       AssertErrorProc
 0001:000108A8       AssignLongStr
 0001:00010C64       AssignVariant
 0002:00002608       avail
 0001:00007DD4       BackfillGetDiskFreeSpaceEx
 0001:00033BC0       BackgroundClipped
 0001:0000D504       BackupVarBoolFromStr
 0001:0000D664       BackupVarBStrFromBool
 0001:0000D584       BackupVarBStrFromCy
 0001:0000D5F4       BackupVarBStrFromDate
 0001:0000D498       BackupVarCyFromStr
 0001:0000D42C       BackupVarDateFromStr
 0001:0000D2E8       BackupVarI4FromStr
 0001:0000D294       BackupVariantChangeTypeEx
 0001:0000D354       BackupVarR4FromStr
 0001:0000D3C0       BackupVarR8FromStr
 0001:0000B984       Beep
 0001:00013544       BeginGlobalLoading
 0001:00005A18       BeginPaint
 0001:0000342C       BeginThread
 0001:0001EB24       BetterSize
 0001:00044524       BiDiDraw
 0001:0001934C       BinToHex
 0001:000057F8       BitBlt
 0002:00000750       BitmapCanvasList
 0002:000028AC       BitmapImageLock
 0001:0000D2D0       BiUnimplemented
 0002:0000046C       BlockCode
 0002:000025E0       blockDescBlockList
 0002:000025E4       blockDescFreeList
 0002:00002BB4       bolRun
 0002:000003A8       BooleanIdents
 0002:00000324       BooleanToStringRule
 0001:00007AF4       BoolToStr
 0001:0000EBF8       BoolToWStrViaOS
 0002:00000808       BorderStyles
 0001:00012504       Bounds
 0001:00005420       Bounds
 0002:00000C7C       Breaks
 0002:000028E4       BrushManager
 0001:00046CF8       BuildImage
 0002:00000A5C       ButtonCaptions
 0002:00000A30       ButtonNames
 0002:00000CF8       Buttons
 0002:00000880       ButtonStyles
 0002:00002A80       ButtonWidths
 0001:0001E2F0       BytesPerScanline
 0001:0001E654       ByteSwapColors
 0001:0000BA68       ByteToCharIndex
 0001:0000BA40       ByteToCharLen
 0001:0000BA04       ByteType
 0001:0000B98C       ByteTypeTest
 0002:00002B5C       CachedComCtrlVer
 0001:0001AB9C       CalcJmpOffset
 0001:0003E3AC       CalcSplitterPos
 0001:00005A20       CallNextHookEx
 0001:0000C728       CallTerminateProcs
 0001:00005A28       CallWindowProc
 0001:00032064       CancelDrag
 0002:00002B24       CanvasList
 0002:000028E8       CanvasList
 0002:00000A08       Captions
 0002:00000B78       CaptureControl
 0002:00000C1C       cBooleanToItemAutoFlag
 0002:00002AAE       CF_COMPONENT
 0002:00002AAC       CF_PICTURE
 0002:00002814       ChangeAnyProc
 0001:000305C8       ChangeBiDiModeAlignment
 0002:00000830       CharCases
 0001:00003598       CharFromWChar
 0001:0000BC4C       CharLength
 0001:00005A30       CharLowerBuff
 0001:0000021C       CharNext
 0001:00005A38       CharNext
 0001:0001CC20       CharsetToIdent
 0001:0000BB54       CharToByteIndex
 0001:0000BBB8       CharToByteLen
 0001:00005A40       CharToOemA
 0001:00005A48       CharUpperBuff
 0001:0001F108       CheckBool
 0001:00002A98       CheckJmp
 0001:00005A50       CheckMenuItem
 0002:00000C6C       Checks
 0001:00016FDC       CheckSubComponents
 0001:00019478       CheckSynchronize
 0001:0004A170       CheckTaskWindow
 0001:00031D18       CheckUndock
 0001:0000B878       CheckWin32Version
 0002:00000328       CInvalidCustomVariantType
 0002:00000C20       cItemAutoFlagToBoolean
 0002:00000C18       cItemAutoFlagToMenu
 0001:0001AE28       Classes
 0001:00012FB0       ClassNotFound
 0002:00002810       ClearAnyProc
 0001:0001C4A0       ClearColor
 0001:0000FF50       ClearVariantTypeList
 0001:00057DBC       ClientFunction
 0001:00005A58       ClientToScreen
 0001:0003B944       ClientToWindow
 0002:00000748       ClipboardFormats
 0001:0002D5AC       Clipbrd
 0001:00005A60       CloseClipboard
 0001:00005568       CloseHandle
 0002:00002980       CloseThemeData
 0002:0000203C       CmdLine
 0002:00002038       CmdShow
 0002:00000C14       cMenuAutoFlagToItem
 0001:0000D2DC       CmpUnimplemented
 0002:000004C8       Colors
 0001:0001CA18       ColorToIdent
 0002:00000888       ColorToPretyName
 0001:0001CA08       ColorToRGB
 0002:00002B70       CommandPool
 0001:0002428C       CommCtrl
 0001:0002B070       CommDlg
 0001:0000078C       Commit
 0002:00002624       committedRoot
 0001:00042C74       CompareFront
 0001:00007278       CompareMem
 0001:00007248       CompareStr
 0001:00005570       CompareString
 0001:00007298       CompareText
 0001:00007A1C       CompareWith
 0001:00055B64       CompleteFileName
 0001:000170BC       ComponentCreated
 0001:0001EEC8       ComputeAldusChecksum
 0001:0001B12C       Consts
 0001:00024190       Contnrs
 0002:00002AE2       ControlAtom
 0002:00002AE8       ControlAtomString
 0001:0004EF34       ControlHasHelp
 0001:0003F02C       Controls
 0002:000003F8       Convert
 0002:000003E8       Convert
 0001:0000ADD4       ConvertAddr
 0001:000093A0       ConvertEraString
 0001:000070D8       ConvertError
 0001:000070F0       ConvertErrorFmt
 0001:0000950C       ConvertYearString
 0001:000042C0       CopyArray
 0001:000212A4       CopyBitmap
 0001:0002196C       CopyBitmapAsMask
 0001:00005800       CopyEnhMetaFile
 0001:00021908       CopyPalette
 0002:000007A4       Copyright
 0001:00045DA4       CopyToBest
 0001:0000BAC4       CountChars
 0002:000028C4       CounterLock
 0002:0000032C       CRangeToType
 0001:0000B2CC       CreateAssertException
 0001:0000B454       CreateAVObject
 0001:00005808       CreateBitmap
 0001:00005810       CreateBrushIndirect
 0001:00005818       CreateCompatibleBitmap
 0001:00005820       CreateCompatibleDC
 0001:0001713C       CreateComponent
 0001:00005830       CreateDIBitmap
 0001:00005828       CreateDIBSection
 0001:00005578       CreateEvent
 0001:00005580       CreateFile
 0001:00005838       CreateFontIndirect
 0001:00005840       CreateHalftonePalette
 0001:00005A68       CreateIcon
 0001:0000B1F8       CreateInOutError
 0001:00005588       CreateIoCompletionPort
 0001:00005A70       CreateMenu
 0001:0002CCE4       CreateMessageDialog
 0001:00005848       CreatePalette
 0001:00005850       CreatePenIndirect
 0001:00005590       CreatePipe
 0001:00005A78       CreatePopupMenu
 0001:00005598       CreateProcess
 0001:00005858       CreateSolidBrush
 0001:0001E6AC       CreateSystemPalette
 0001:000055A0       CreateThread
 0001:00000224       CreateThread
 0001:00006020       CreateWindow
 0001:00005FC8       CreateWindowEx
 0002:00000AB8       CreationControl
 0002:00000A00       CreationControl
 0002:00000394       CRelationshipToBoolean
 0002:00000310       CResult
 0002:00000138       cSimpleBoolStrs
 0002:00000340       CText
 0002:00000BB4       Ctl3DStyles
 0002:0000261C       curAlloc
 0002:00002688       CurrencyDecimals
 0002:00002684       CurrencyFormat
 0002:00002680       CurrencyString
 0001:00009234       CurrentYear
 0001:00008CC4       CurrToStr
 0001:0000EB88       CurrToWStrViaOS
 0002:00000D94       CursorMap
 0002:00000AC8       Cursors
 0001:000308E8       CursorToIdent
 0002:00000D84       cUseAlpha
 0002:00000D8C       cUseColorKey
 0001:00007790       CvtInt
 0001:000077FC       CvtInt64
 0002:00000178       CWNear
 0002:00002689       DateSeparator
 0001:00009E78       DateTimeToStr
 0001:00009DEC       DateTimeToString
 0001:00008DC0       DateTimeToTimeStamp
 0001:00009E48       DateToStr
 0001:0000EBC0       DateToWStrViaOS
 0001:000091BC       DayOfWeek
 0002:00000174       DCon10
 0002:000004C4       DDBsOnly
 0001:0001AD4C       DeallocateHWnd
 0002:00000028       DebugHook
 0002:00002687       DecimalSeparator
 0001:0000919C       DecodeDate
 0001:0000904C       DecodeDateFully
 0001:00008EB4       DecodeTime
 0001:0000084C       Decommit
 0001:00000F78       DecommitFree
 0002:000025F8       decommittedRoot
 0001:0004CBB4       Default
 0001:000522F0       Default
 0002:00000020       Default8087CW
 0002:00000ABC       DefaultDockTreeClass
 0002:000025BC       DefaultUserCodePage
 0002:00000718       DefBrushData
 0002:00000498       DefFontData
 0001:00005A80       DefFrameProc
 0002:00000204       DefLongDayNames
 0002:000001B8       DefLongMonthNames
 0001:00005A88       DefMDIChildProc
 0002:000006F8       DefPenData
 0002:000001E8       DefShortDayNames
 0002:00000188       DefShortMonthNames
 0001:00005A90       DefWindowProc
 0001:0000452C       DelayLoadResourceModule
 0001:00000468       DeleteBlock
 0001:000055A8       DeleteCriticalSection
 0001:00000378       DeleteCriticalSection
 0001:00005860       DeleteDC
 0001:00005868       DeleteEnhMetaFile
 0001:00000D60       DeleteFree
 0001:00005A98       DeleteMenu
 0001:00005870       DeleteObject
 0001:00020E60       DeselectBitmap
 0001:00005AA0       DestroyCursor
 0001:00005AA8       DestroyIcon
 0001:00005AB0       DestroyMenu
 0001:00005AB8       DestroyWindow
 0001:0002E178       DialogEnumerationTester
 0001:0002D530       Dialogs
 0002:00000754       DIBPalSizes
 0002:0000008C       dig
 0001:00049FAC       DisableTaskWindows
 0001:00005AC0       DispatchMessage
 0001:00050214       DispatchShortCut
 0002:00002000       DispCallByIDProc
 0001:000070BC       DivMod
 0001:0002C258       Dlgs
 0001:00051568       DoAlign
 0001:00036540       DoAlign
 0001:0003A624       DoCalcConstraints
 0002:00002B18       DockSiteList
 0001:000469C4       DoClick
 0001:00037C8C       DoControlMsg
 0001:00055B24       DoDirChangeEvent
 0001:00049F5C       DoDisableWindow
 0001:00031638       DoDragOver
 0001:00007134       DoExitProc
 0001:0003C65C       DoFindControlZone
 0001:0004A0B0       DoFindWindow
 0001:0003CBE8       DoFindZone
 0001:0003C6E0       DoForEach
 0001:0003E010       DoGetNextLimit
 0001:00049F24       DoneApplication
 0001:0003ED70       DoneControls
 0001:0000B788       DoneExceptions
 0001:0004E590       DoNestedActivation
 0001:00019414       DoneThreadSynchronization
 0001:0005360C       DoOnHelp
 0001:000513B8       DoPosition
 0001:00036100       DoPosition
 0001:0003D638       DoPrune
 0001:0003DB10       DoSaveZone
 0001:00057264       DosCommand
 0001:0003DD14       DoSetNewBounds
 0002:000003B0       DotSep
 0001:000412AC       DoWrite
 0001:000143AC       DoWrite
 0001:0001FF7C       DoWrite
 0001:0001F360       DoWrite
 0001:00037274       DoWriteDesignSize
 0001:00034CD4       DoWriteIsControl
 0002:00002AFC       DragCapture
 0002:00002AF0       DragControl
 0001:00031D8C       DragDone
 0001:000315E0       DragFindTarget
 0001:000315B4       DragFindWindow
 0002:00002B14       DragImageList
 0001:000319E4       DragInit
 0001:00031B54       DragInitControl
 0002:00002AF8       DragInternalObject
 0001:000314FC       DragMessage
 0002:00002AF4       DragObject
 0002:00002B20       DragSave
 0002:00002B08       DragSaveCursor
 0002:00002B00       DragStartPos
 0002:00002B0C       DragThreshold
 0001:00031714       DragTo
 0001:0005232C       DrawAppIcon
 0001:0003D1A4       DrawCloseButton
 0001:00005AC8       DrawEdge
 0001:00005AD0       DrawFrameControl
 0001:0003D1FC       DrawGrabberLine
 0001:00005AD8       DrawIcon
 0001:00005AE0       DrawIconEx
 0002:00000BF0       DrawingStyles
 0001:00005AE8       DrawMenuBar
 0001:00047D34       DrawMenuItem
 0001:00005AF0       DrawText
 0002:00002984       DrawThemeBackground
 0002:000029A8       DrawThemeEdge
 0002:000029AC       DrawThemeIcon
 0002:00002A30       DrawThemeParentBackground
 0002:00002988       DrawThemeText
 0001:0001E170       DupBits
 0001:000042D8       DynArrayClear
 0001:000042E0       DynArraySetLength
 0002:00000CDC       EdgeStyle
 0002:00000BA4       EdgeStyles
 0001:0000B1CC       EHeapException.FreeInstance
 0002:0000084C       Empty
 0001:00005AF8       EmptyClipboard
 0002:000027FC       EmptyParam
 0002:000000BC       EmptyStr
 0002:000000C0       EmptyWideStr
 0001:00005B00       EnableMenuItem
 0002:00000C74       Enables
 0001:00005B08       EnableScrollBar
 0001:0004A060       EnableTaskWindows
 0002:00002A18       EnableThemeDialogTexture
 0002:00002A34       EnableTheming
 0001:00005B10       EnableWindow
 0001:0000901C       EncodeDate
 0001:00008E74       EncodeTime
 0001:000135CC       EndGlobalLoading
 0001:00005B18       EndPaint
 0001:00003470       EndThread
 0001:00000368       EnterCriticalSection
 0001:000055B0       EnterCriticalSection
 0001:000055B8       EnumCalendarInfoA
 0002:00002918       EnumDisplayMonitors
 0001:0000AA48       EnumEraNames
 0001:0000AA84       EnumEraYearOffsets
 0001:0004D178       EnumMonitorsProc
 0001:00005B20       EnumThreadWindows
 0001:000168F0       EnumValue
 0001:00005B28       EnumWindows
 0002:00000E20       EolCh
 0001:00005B30       EqualRect
 0002:00002750       EraNames
 0001:0000A104       EraToYear
 0002:0000276C       EraYearOffsets
 0002:00000064       errCaption
 0001:00001BB8       Error
 0001:000429C4       Error
 0001:00012B54       Error
 0001:000160A8       Error
 0002:00000004       ErrorAddr
 0001:00001B6C       ErrorAt
 0001:0000B278       ErrorHandler
 0002:00000220       ErrorMap
 0002:00002008       ErrorProc
 0002:000023E4       ErrOutput
 0001:00001AF8       ExceptAddr
 0002:0000200C       ExceptClsProc
 0001:0000B6F4       ExceptHandler
 0001:0000B040       Exception.Create
 0001:0000B07C       Exception.CreateFmt
 0001:0000B0FC       Exception.CreateRes
 0001:0000B138       Exception.CreateResFmt
 0002:0000201C       ExceptionClass
 0001:0000ADE0       ExceptionErrorMessage
 0002:00000258       ExceptMap
 0001:00001AD8       ExceptObject
 0002:00002010       ExceptObjProc
 0002:00002004       ExceptProc
 0001:00005878       ExcludeClipRect
 0002:00000000       ExitCode
 0001:00003240       ExitDll
 0002:00002044       ExitProc
 0001:00000234       ExitProcess
 0002:00002024       ExitProcessProc
 0002:00000134       ExitProcList
 0001:0000022C       ExitThread
 0001:00007D98       ExpandFileName
 0001:0002C1F8       ExtCtrls
 0001:00007D50       ExtractFileExt
 0001:00007D18       ExtractFileName
 0001:00007CE4       ExtractFilePath
 0002:0000278C       FalseBoolStrs
 0002:00002AB4       FClipboard
 0002:00000168       FCon1E18
 0001:00007C54       FileClose
 0001:00007BBC       FileCreate
 0001:00007B98       FileCreate
 0002:0000074C       FileFormats
 0002:00000008       FileMode
 0001:00007B40       FileOpen
 0001:00007BC4       FileRead
 0002:000003DC       FilerSignature
 0001:00007C1C       FileSeek
 0001:0005627C       FileSystemWatcher
 0001:00007BF0       FileWrite
 0001:00000E98       FillAfterGap
 0001:00000E38       FillBeforeGap
 0001:00000F38       FillerSizeAfterGap
 0001:00000EC0       FillerSizeBeforeGap
 0001:00005B38       FillRect
 0001:00006170       Finalization
 0001:000061A8       Finalization
 0001:000064E8       Finalization
 0001:0000D074       Finalization
 0001:0000DA3C       Finalization
 0001:0001039C       Finalization
 0001:000105C0       Finalization
 0001:00010DA4       Finalization
 0001:00010DFC       Finalization
 0001:0001AD78       Finalization
 0001:0001B0FC       Finalization
 0001:00023CAC       Finalization
 0001:00023E8C       Finalization
 0001:0002425C       Finalization
 0001:000249E8       Finalization
 0001:00024A28       Finalization
 0001:00025A10       Finalization
 0001:00025A58       Finalization
 0001:00025A90       Finalization
 0001:0000543C       Finalization
 0001:00025DB4       Finalization
 0001:00025F60       Finalization
 0001:000053C4       Finalization
 0001:000268E4       Finalization
 0001:0002733C       Finalization
 0001:0000517C       Finalization
 0001:0002AEF0       Finalization
 0001:0002AF28       Finalization
 0001:0002AF60       Finalization
 0001:0002AF98       Finalization
 0001:0002AFD0       Finalization
 0001:0002B008       Finalization
 0001:0002B040       Finalization
 0001:0002C1B0       Finalization
 0001:0002C228       Finalization
 0001:0002D4D4       Finalization
 0001:0002D570       Finalization
 0001:0002D604       Finalization
 0001:0002D76C       Finalization
 0001:0002E3F0       Finalization
 0001:0003EFC4       Finalization
 0001:000402F4       Finalization
 0001:00041A24       Finalization
 0001:00048014       Finalization
 0001:00054610       Finalization
 0001:00055688       Finalization
 0001:0005624C       Finalization
 0001:00057234       Finalization
 0001:00057C5C       Finalization
 0001:00057D8C       Finalization
 0001:00057DC4       Finalization
 0001:00024160       Finalization
 0001:000042D0       FinalizeArray
 0001:00003054       FinalizeUnits
 0001:00046784       Find
 0001:000045BC       FindBS
 0001:00013070       FindClass
 0001:00004524       FindClassHInstance
 0001:00000244       FindClose
 0001:00000DF4       FindCommitted
 0001:000306C8       FindControl
 0001:0003CE14       FindControlAtPos
 0001:000102AC       FindCustomVariantType
 0001:000101F4       FindCustomVariantType
 0001:000320B0       FindDragTarget
 0001:000172EC       FindExistingComponent
 0001:0000024C       FindFirstFile
 0001:0001345C       FindGlobalComponent
 0001:0004A1BC       FindGlobalComponent
 0002:00002860       FindGlobalComponentProcs
 0001:000044FC       FindHInstance
 0001:00013304       FindIdentToInt
 0002:00002A7C       FindMsg
 0001:00016468       FindNestedComponent
 0001:0004298C       FindPopupControl
 0001:0000D6F8       FindProc
 0001:000055C0       FindResource
 0001:00004574       FindResourceHInstance
 0001:00053E40       FindScanline
 0001:0004A114       FindTopMostWindow
 0001:000181E4       FindUniqueName
 0001:0003207C       FindVCLWindow
 0001:00005B40       FindWindow
 0001:0002E1D0       FindWinHelp
 0001:00021258       FixupBitFields
 0002:00000CEC       Flags
 0002:0000279C       FLanguages
 0001:00025DE4       FlatSB
 0002:00002944       FlatSB_EnableScrollBar
 0002:00002950       FlatSB_GetScrollInfo
 0002:00002954       FlatSB_GetScrollPos
 0002:0000294C       FlatSB_GetScrollRange
 0002:0000295C       FlatSB_SetScrollInfo
 0002:00002958       FlatSB_SetScrollPos
 0001:00025AD4       FlatSB_SetScrollProp
 0002:00002960       FlatSB_SetScrollRange
 0002:00002948       FlatSB_ShowScrollBar
 0001:00008954       FloatToDecimal
 0001:00008C94       FloatToStr
 0001:00008680       FloatToText
 0001:00001F0C       Flush
 0002:0000017C       FMSecsPerDay
 0001:00008574       FmtStr
 0002:00000D08       FocusCount
 0002:00000D04       FocusMessages
 0002:00000668       FontCharsets
 0002:000028DC       FontManager
 0001:0004A190       ForegroundTask
 0001:00008560       Format
 0002:00000184       Format
 0001:00008150       FormatBuf
 0001:00008144       FormatClearStr
 0001:00009E8C       FormatDateTime
 0001:000080C8       FormatError
 0002:00000160       FormatErrorStrs
 0001:000055C8       FormatMessage
 0001:00008120       FormatVarToStr
 0001:0005466C       Forms
 0001:000021B8       FPower10
 0002:0000079C       FPrinter
 0001:00005B48       FrameRect
 0001:0000CC54       FreeAndNil
 0001:00000AF4       FreeCommitted
 0001:0000112C       FreeCurAlloc
 0001:00032170       FreeDeviceContext
 0001:0003222C       FreeDeviceContexts
 0001:0001AB08       FreeIntConstList
 0001:00000254       FreeLibrary
 0001:000055D0       FreeLibrary
 0001:00020DB4       FreeMemoryContexts
 0001:0001AC74       FreeObjectInstance
 0001:000055F0       FreeResource
 0001:000006C4       FreeSpace
 0001:0000C754       FreeTerminateProcs
 0001:00025F98       FreeThemeLibrary
 0001:0001E160       GDICheck
 0001:0001E0B8       GDIError
 0001:00001E70       Get8087CW
 0001:000055F8       GetACP
 0001:00005B50       GetActiveWindow
 0001:00051A44       GetAnimation
 0001:0002C63C       GetAveCharSize
 0001:00005880       GetBitmapBits
 0001:00000380       GetBlockDesc
 0001:00005888       GetBrushOrgEx
 0001:00005B58       GetCapture
 0001:00030990       GetCaptureControl
 0001:0001301C       GetClass
 0001:00005B60       GetClassInfo
 0001:00005B68       GetClassName
 0001:00005B70       GetClientRect
 0001:00005B78       GetClipboardData
 0001:0001FB28       GetClipboardFormats
 0001:00005890       GetClipBox
 0001:0000031C       GetCmdShow
 0001:000404C4       GetColor
 0001:0000025C       GetCommandLine
 0001:00000908       GetCommitted
 0001:000009B0       GetCommittedAt
 0001:00037840       GetControlAtPos
 0001:000092F8       GetCount
 0001:00005600       GetCPInfo
 0001:00005898       GetCurrentPositionEx
 0001:00005608       GetCurrentProcessId
 0002:00002A28       GetCurrentThemeName
 0001:00005610       GetCurrentThreadId
 0001:0000030C       GetCurrentThreadId
 0001:00005F34       GetCurrentTime
 0001:00005B80       GetCursor
 0001:00053E50       GetCursorHeightMargin
 0001:00005B88       GetCursorPos
 0001:00009328       GetDate
 0001:00005618       GetDateFormat
 0001:0000A01C       GetDateOrder
 0001:00005B90       GetDC
 0001:00005B98       GetDCEx
 0001:000058A0       GetDCOrgEx
 0001:000238B4       GetDefFontCharSet
 0001:00005BA0       GetDesktopWindow
 0001:000058B8       GetDeviceCaps
 0001:0001F0F0       GetDIB
 0001:000058A8       GetDIBColorTable
 0001:000058B0       GetDIBits
 0001:0001F038       GetDIBSizes
 0001:0001E2D0       GetDInColors
 0001:00005620       GetDiskFreeSpaceA
 0002:00000130       GetDiskFreeSpaceEx
 0001:0003E0F0       GetDockAlign
 0001:00031340       GetDockSiteAtPos
 0001:00031674       GetDropCtl
 0001:00002840       GetDynaMethod
 0001:000058C0       GetEnhMetaFileBits
 0001:000058C8       GetEnhMetaFileHeader
 0001:000058D0       GetEnhMetaFilePaletteEntries
 0001:00010630       GetEnumNameValue
 0001:0001067C       GetEnumValue
 0001:0000AAFC       GetEraNamesAndYearOffsets
 0001:0000A0B0       GetEraYearOffset
 0001:0000B43C       GetExceptionClass
 0001:0000B628       GetExceptionObject
 0001:00005628       GetExitCodeProcess
 0001:00005630       GetExitCodeThread
 0001:00012FA4       GetFieldClassTable
 0001:0001FB08       GetFileFormats
 0001:0000B898       GetFileVersion
 0001:000057E0       GetFileVersionInfo
 0001:000057E8       GetFileVersionInfoSize
 0001:00005BA8       GetFocus
 0001:0001CC40       GetFontData
 0001:00005BB0       GetForegroundWindow
 0001:0000C1C8       GetFormatSettings
 0001:00005638       GetFullPathName
 0001:0001C188       GetHashCode
 0001:0004EF6C       GetHelpInfo
 0001:00024EA8       GetHelpSystem
 0001:00051828       GetHint
 0001:00051860       GetHintControl
 0001:00047EB4       GetHotkey
 0001:00005BB8       GetIconInfo
 0001:00057CBC       GetIni
 0001:00005BD0       GetKeyboardLayout
 0001:00005BD8       GetKeyboardLayoutList
 0001:00005BE0       GetKeyboardState
 0001:000024A4       GetKeyboardType
 0001:00005BC0       GetKeyNameText
 0001:00005BC8       GetKeyState
 0001:00005BE8       GetLastActivePopup
 0001:0003C390       GetLastChildZone
 0001:00005640       GetLastError
 0001:0000A8C0       GetLocaleChar
 0001:00000264       GetLocaleInfo
 0001:00005650       GetLocaleInfo
 0001:0000A874       GetLocaleStr
 0001:00005648       GetLocalTime
 0001:0003094C       GetLongHint
 0001:00005BF0       GetMenu
 0001:0004EEF4       GetMenuHelpContext
 0001:00005BF8       GetMenuItemCount
 0001:00005C00       GetMenuItemID
 0001:00005C08       GetMenuItemInfo
 0001:00044FD0       GetMenuSize
 0001:00005C10       GetMenuState
 0001:00005C18       GetMenuString
 0001:0000026C       GetModuleFileName
 0001:00005658       GetModuleFileName
 0001:00005660       GetModuleHandle
 0001:000052A4       GetModuleHandle
 0001:00000274       GetModuleHandle
 0002:0000290C       GetMonitorInfo
 0002:00002910       GetMonitorInfoA
 0002:00002914       GetMonitorInfoW
 0001:0000A924       GetMonthDayNames
 0001:00005C20       GetNextWindow
 0001:000058D8       GetObject
 0001:00010750       GetOrdProp
 0001:000058E0       GetPaletteEntries
 0001:00001C98       GetParamStr
 0001:00005C28       GetParent
 0001:0004A388       GetParentForm
 0001:000058E8       GetPixel
 0001:00005668       GetPrivateProfileString
 0001:00005670       GetProcAddress
 0001:0000027C       GetProcAddress
 0001:00005C30       GetProp
 0001:000106E0       GetPropInfo
 0001:00005678       GetQueuedCompletionStatus
 0001:0004A848       GetRealScrollPosition
 0001:000404A4       GetRGBColor
 0001:00005C38       GetScrollInfo
 0001:00005C40       GetScrollPos
 0001:00005C48       GetScrollRange
 0001:00030908       GetShortHint
 0001:000005E8       GetSpace
 0001:0000064C       GetSpaceAt
 0001:00042A1C       GetSpecialName
 0001:00000284       GetStartupInfo
 0001:00005680       GetStartupInfo
 0001:000001F4       GetStdHandle
 0001:00005688       GetStdHandle
 0001:000058F0       GetStockObject
 0001:00005690       GetStringTypeEx
 0001:00005C50       GetSubMenu
 0001:00005C58       GetSysColor
 0001:00005C60       GetSysColorBrush
 0001:00005698       GetSystemDefaultLangID
 0001:000056A0       GetSystemInfo
 0001:00005C68       GetSystemMenu
 0001:00005C70       GetSystemMetrics
 0002:000028FC       GetSystemMetrics
 0001:000058F8       GetSystemPaletteEntries
 0001:00005908       GetTextExtentPoint
 0001:00005900       GetTextExtentPoint32
 0001:00005910       GetTextMetrics
 0002:00002A20       GetThemeAppProperties
 0002:0000298C       GetThemeBackgroundContentRect
 0002:00002990       GetThemeBackgroundExtent
 0002:000029A0       GetThemeBackgroundRegion
 0002:000029C4       GetThemeBool
 0002:000029B8       GetThemeColor
 0002:00002A2C       GetThemeDocumentationProperty
 0002:000029CC       GetThemeEnumValue
 0002:000029EC       GetThemeFilename
 0002:000029D4       GetThemeFont
 0002:000029C8       GetThemeInt
 0002:000029E0       GetThemeIntList
 0002:000029DC       GetThemeMargins
 0002:000029BC       GetThemeMetric
 0002:00002994       GetThemePartSize
 0002:000029D0       GetThemePosition
 0002:000029E4       GetThemePropertyOrigin
 0002:000029D8       GetThemeRect
 0002:000029C0       GetThemeString
 0002:000029F8       GetThemeSysBool
 0002:000029F0       GetThemeSysColor
 0002:000029F4       GetThemeSysColorBrush
 0002:00002A00       GetThemeSysFont
 0002:00002A08       GetThemeSysInt
 0002:000029FC       GetThemeSysSize
 0002:00002A04       GetThemeSysString
 0002:00002998       GetThemeTextExtent
 0002:0000299C       GetThemeTextMetrics
 0001:000056A8       GetThreadLocale
 0001:0000028C       GetThreadLocale
 0001:000056B0       GetTickCount
 0001:00009360       GetTime
 0001:000052DC       GetTlsSize
 0001:00052008       GetTopMostWindows
 0001:00030A9C       GetTopParent
 0001:00005C78       GetTopWindow
 0001:00010624       GetTypeData
 0001:00000314       GetVersion
 0001:000056B8       GetVersion
 0001:000056C0       GetVersionEx
 0001:00005C80       GetWindow
 0001:00005C88       GetWindowDC
 0001:00005C90       GetWindowLong
 0001:00005920       GetWindowOrgEx
 0001:00005C98       GetWindowPlacement
 0001:00005CA0       GetWindowRect
 0001:00005CA8       GetWindowText
 0002:00002A14       GetWindowTheme
 0001:00005CB8       GetWindowThreadProcessId
 0001:00005CB0       GetWindowThreadProcessId
 0001:00005918       GetWinMetaFileBits
 0001:000056C8       GlobalAddAtom
 0001:000056D0       GlobalAlloc
 0001:00005F40       GlobalAllocPtr
 0001:000056D8       GlobalDeleteAtom
 0001:000056E0       GlobalFindAtom
 0002:00002864       GlobalFixupList
 0001:000165C4       GlobalFixupReferences
 0001:000056E8       GlobalFree
 0001:00005F6C       GlobalFreePtr
 0001:000056F8       GlobalHandle
 0001:000056F0       GlobalLock
 0002:00002848       GlobalNameSpace
 0001:00005700       GlobalReAlloc
 0001:00005F50       GlobalReAllocPtr
 0001:00005708       GlobalUnlock
 0001:00023D80       Graphics
 0001:00013198       GroupDescendentsWith
 0001:0004F174       HandleEdge
 0001:00017A28       HandleException
 0002:00000024       HeapAllocFlags
 0002:000025C4       heapErrorCode
 0002:000025C8       heapLock
 0001:00025A50       HelpIntfs
 0002:00002938       HelpManager
 0002:00002A78       HelpMsg
 0002:00002ACC       HelpViewer
 0002:00002AD0       HelpViewerIntf
 0002:0000012C       HexDisplayPrefix
 0001:00019388       HexToBin
 0002:0000083C       HideSelections
 0001:0003E16C       HideZone
 0002:00002664       HInstance
 0002:00002B88       HintDoneEvent
 0001:00051930       HintGetMsgHook
 0002:00002B8C       HintHook
 0001:000518D4       HintMouseThread
 0002:00002B90       HintThread
 0002:00002B84       HintThreadID
 0001:00051880       HintTimerProc
 0002:00000CFC       HintWindowClass
 0002:000029A4       HitTestThemeBackground
 0001:00051974       HookHintHooks
 0001:00006078       HwndMSWheel
 0002:00000C90       IBreaks
 0002:00000C9C       IChecks
 0002:00000A1C       IconIDs
 0002:00000CA4       IDefaults
 0001:0001CC30       IdentToCharset
 0001:0001CA28       IdentToColor
 0001:000308F8       IdentToCursor
 0001:00013380       IdentToInt
 0002:00000CAC       IEnables
 0001:00045D74       IfHotkeyAvailable
 0002:00002B60       ImageListWriteExProc
 0001:000241B8       ImageList_Add
 0001:000241D8       ImageList_AddIcon
 0001:000241FC       ImageList_BeginDrag
 0001:00024198       ImageList_Create
 0001:000241A0       ImageList_Destroy
 0001:0002420C       ImageList_DragEnter
 0001:00024214       ImageList_DragLeave
 0001:0002421C       ImageList_DragMove
 0001:0002422C       ImageList_DragShowNolock
 0001:000241E4       ImageList_Draw
 0001:000241EC       ImageList_DrawEx
 0001:00024204       ImageList_EndDrag
 0001:000241D0       ImageList_GetBkColor
 0001:00024234       ImageList_GetDragImage
 0001:0002424C       ImageList_GetIconSize
 0001:000241A8       ImageList_GetImageCount
 0001:0002423C       ImageList_Read
 0001:000241F4       ImageList_Remove
 0001:000241C0       ImageList_ReplaceIcon
 0001:000241C8       ImageList_SetBkColor
 0001:00024224       ImageList_SetDragCursorImage
 0001:00024254       ImageList_SetIconSize
 0001:000241B0       ImageList_SetImageCount
 0001:00024244       ImageList_Write
 0002:00000C00       Images
 0001:00041A54       ImgList
 0001:00024A58       Imm
 0002:00000BE4       IMM32DLL
 0001:0003ED5C       Imm32IsIME
 0002:00000180       IMSecsPerDay
 0001:0000E824       InBounds
 0001:0000E584       InBounds
 0001:0000BCF8       IncludeTrailingBackslash
 0001:0000BD0C       IncludeTrailingPathDelimiter
 0001:0000E854       Increment
 0001:0000E5B4       Increment
 0001:00005CC0       InflateRect
 0001:000556D0       IniFiles
 0001:00000B88       InitAllocator
 0001:00024294       InitAnApi
 0002:00002924       InitApis
 0001:00013628       InitComponent
 0002:00002634       InitContext
 0001:0003EDF8       InitControls
 0001:000238F8       InitDefFontData
 0001:0000C780       InitDriveSpacePtr
 0001:0000B704       InitExceptions
 0001:00025B30       InitFlatSB
 0001:0002D380       InitGlobals
 0001:0001EEF0       InitializeBitmapInfoHeader
 0001:00005710       InitializeCriticalSection
 0001:00000360       InitializeCriticalSection
 0002:000025C0       initialized
 0001:00025B08       InitializeFlatSB
 0001:00005374       InitializeModule
 0001:00005540       InitializeSecurityDescriptor
 0001:0000D730       InitializeVarUtils
 0001:0003E9FC       InitIMM32
 0001:000136D0       InitInheritedComponent
 0001:0000BFD8       InitLeadBytes
 0001:0002497C       InitMultiMonStubs
 0001:0000B808       InitPlatformId
 0002:00002040       InitProc
 0001:00054584       InitProcs
 0001:0002387C       InitScreenLogPixels
 0001:0000C050       InitSysLocale
 0001:00026158       InitThemeLibrary
 0001:000193E0       InitThreadSynchronization
 0001:000052E4       InitThreadTLS
 0001:000030C4       InitUnits
 0001:000305DC       InitWndProc
 0002:00000B84       InnerStyles
 0002:0000204C       Input
 0001:00036074       InsertBefore
 0001:00051358       InsertBefore
 0001:00001034       InsertFree
 0001:00045E28       InsertHotkeyFarEastFormat
 0001:00005CC8       InsertMenu
 0001:00005CD0       InsertMenuItem
 0002:00002884       InstBlockList
 0002:00002888       InstFreeList
 0002:00002858       IntConstList
 0001:000055D8       InterlockedDecrement
 0001:00000304       InterlockedDecrement
 0001:0000C7E8       InterlockedDecrement
 0001:0000C7F4       InterlockedExchange
 0001:000055E0       InterlockedExchange
 0001:0000C7FC       InterlockedExchangeAdd
 0001:000002FC       InterlockedIncrement
 0001:000055E8       InterlockedIncrement
 0001:0000C7DC       InterlockedIncrement
 0001:0001C114       InternalDeletePalette
 0001:00001EC4       InternalFlush
 0001:00000E74       InternalFreeMem
 0001:0001F040       InternalGetDIB
 0001:0001EFD4       InternalGetDIBSizes
 0001:000134C0       InternalReadComponentRes
 0002:00002A4C       InternalServices
 0001:00003944       InternalUniqueString
 0001:00005928       IntersectClipRect
 0001:00005CD8       IntersectRect
 0001:000078F0       IntToHex
 0001:000133C0       IntToIdent
 0001:000077DC       IntToStr
 0001:000078C8       IntToStr
 0001:00005CE0       InvalidateRect
 0001:0001E040       InvalidBitmap
 0001:0001E028       InvalidGraphic
 0001:0001E04C       InvalidIcon
 0001:0001E058       InvalidMetafile
 0001:0001E010       InvalidOperation
 0001:0001252C       InvalidPoint
 0002:00002798       InvalidPointer
 0001:000026EC       InvokeImplGetter
 0001:00001C38       IOResult
 0002:00000CCC       IOwnerDraw
 0002:00000CB4       IRadios
 0002:00000CC4       IRTL
 0001:0004A318       IsAccel
 0001:00047008       IsAccelChar
 0002:00002A10       IsAppThemed
 0001:000310F8       IsBeforeTargetWindow
 0001:00005CE8       IsChild
 0002:00002048       IsConsole
 0001:00031554       IsDelphiHandle
 0001:00005CF0       IsDialogMessage
 0002:00000CBC       ISeparators
 0001:00005CF8       IsIconic
 0001:00047064       IsInitialChar
 0001:00008F10       IsLeapYear
 0002:00002034       IsLibrary
 0002:00002049       IsMultiThread
 0001:0003BDCC       IsOrientationSet
 0001:0000BCC4       IsPathDelimiter
 0001:00005D00       IsRectEmpty
 0001:000312FC       IsSiteChildOfClient
 0002:00002A0C       IsThemeActive
 0002:000029B4       IsThemeBackgroundPartiallyTransparent
 0002:00002A1C       IsThemeDialogTextureEnabled
 0002:000029B0       IsThemePartDefined
 0001:0001349C       IsUniqueGlobalComponentName
 0002:0000284C       IsUniqueGlobalComponentNameProc
 0001:0000772C       IsValidIdent
 0001:0000C038       IsWesternGroup
 0001:00005D08       IsWindow
 0001:00005D10       IsWindowEnabled
 0001:00005D18       IsWindowVisible
 0001:00005D20       IsZoomed
 0001:00042DE8       Iterate
 0001:00042E48       IterateMenus
 0002:0000002C       JITEnable
 0001:0004A2CC       KeyboardStateToShiftState
 0001:0004A290       KeyDataToShiftState
 0001:0004A23C       KeysToShiftState
 0001:00005D28       KillTimer
 0001:00007C94       LastDelimiter
 0001:0000BF64       LCIDToCodePage
 0001:00005108       LCIDToCodePage
 0002:0000010C       LeadBytes
 0001:00005718       LeaveCriticalSection
 0001:00000370       LeaveCriticalSection
 0002:00000034       LibModuleList
 0001:00005930       LineTo
 0001:000320F8       ListAdd
 0001:00032120       ListRemove
 0002:0000274E       ListSeparator
 0001:00005D30       LoadBitmap
 0001:00005D38       LoadCursor
 0001:00005D40       LoadIcon
 0001:00005D48       LoadKeyboardLayout
 0001:00005720       LoadLibrary
 0001:00000294       LoadLibraryEx
 0001:00005728       LoadResource
 0001:000047C0       LoadResourceModule
 0001:000050B0       LoadResString
 0001:00005D50       LoadString
 0001:0000029C       LoadString
 0001:00000340       LocalAlloc
 0001:000052AC       LocalAlloc
 0001:00000348       LocalFree
 0001:0000A8E8       LocalGetLocaleStr
 0002:00002A44       Lock
 0001:00005730       LockResource
 0002:00002690       LongDateFormat
 0002:00002724       LongDayNames
 0002:000026D8       LongMonthNames
 0002:000026A4       LongTimeFormat
 0001:000071F8       LowerCase
 0001:000057D8       lstrcpy
 0001:000002A4       lstrcpyn
 0002:00002820       LVarTypes
 0002:00002824       LVarTypeSync
 0001:00057CB4       main
 0002:00002BA0       MainForm
 0002:0000202C       MainInstance
 0002:00002030       MainThreadID
 0001:00000404       MakeEmpty
 0001:000031E4       MakeErrorMessage
 0002:00000BD0       MakeLast
 0001:00005F28       MakeLong
 0001:0001ABA4       MakeObjectInstance
 0001:00005F80       MakeROP4
 0001:00005FB8       MakeWParam
 0001:0000B3BC       MapException
 0001:00002ECC       MapToRunError
 0001:00005D58       MapVirtualKey
 0001:00005D60       MapWindowPoints
 0002:00000C08       Mask
 0001:00005938       MaskBlt
 0001:00023EBC       Math
 0001:00023E84       Max
 0001:0004CC00       MaximizedChildren
 0002:0000003C       MemoryManager
 0002:00000C24       MenuKeyCaps
 0001:00048084       Menus
 0001:0000049C       MergeBlockAfter
 0001:00001178       MergeCommit
 0001:00005D68       MessageBeep
 0001:0000023C       MessageBox
 0001:00005D70       MessageBox
 0001:0002D284       MessageDlgPos
 0001:0002D2A8       MessageDlgPosHelp
 0001:000061D8       Messages
 0001:00013D68       Min
 0001:00023E7C       Min
 0001:000359B8       MinVar
 0002:0000292C       MMAvailable
 0002:00000A88       ModalResults
 0002:00000BE8       ModeMap
 0001:0004E900       ModifySystemMenu
 0002:000000A4       Module
 0002:00002661       ModuleIsCpp
 0002:00002660       ModuleIsLib
 0001:0001AB74       ModuleUnload
 0002:00000038       ModuleUnloadList
 0002:00002908       MonitorFromPoint
 0002:00002904       MonitorFromRect
 0002:00002900       MonitorFromWindow
 0002:000000DC       MonthDays
 0002:00002AD4       Mouse
 0001:00001C58       Move
 0001:00005940       MoveToEx
 0001:00032140       MoveWindowOrg
 0001:00005D78       MsgWaitForMultipleObjects
 0001:00005738       MulDiv
 0001:000002B4       MultiByteToWideChar
 0001:00054010       MultiLineWidth
 0001:00024A18       MultiMon
 0002:00002685       NegCurrFormat
 0001:00001204       NewCommit
 0001:00001230       NewCommitAt
 0002:00002AD8       NewStyleControls
 0001:0000BC88       NextCharIndex
 0001:0003BDB0       NextVisibleZone
 0002:000003E0       NilMethod
 0002:00000030       NoErrMsg
 0001:00043BFC       NormalDraw
 0001:00002A84       NotifyAnyExcept
 0001:00002A58       NotifyExcept
 0001:00002AB8       NotifyExceptFinally
 0001:0001359C       NotifyGlobalLoading
 0001:00004AFC       NotifyModuleUnload
 0001:00002A34       NotifyNonDelphiException
 0001:00002A70       NotifyOnExcept
 0001:00002A18       NotifyReRaise
 0001:00002AE0       NotifyTerminate
 0001:00002AFC       NotifyUnhandled
 0001:000091E4       Now
 0001:000469B4       NthParentOf
 0001:00010394       Null
 0002:0000031C       NullAsStringValue
 0002:00000318       NullStrictConvert
 0001:00030694       ObjectFromHWnd
 0002:00000844       OEMConverts
 0001:00005D80       OemToAnsi
 0001:00005D88       OffsetRect
 0001:00005D90       OpenClipboard
 0002:0000297C       OpenThemeData
 0002:00000BC8       OrientArray
 0002:00000B94       OuterStyles
 0002:00002794       OutOfMemory
 0001:0001E064       OutOfResources
 0002:00002218       Output
 0002:00000320       PackVarCreation
 0002:0000075C       Pal16
 0001:0001C51C       PaletteChanged
 0001:0001E85C       PaletteFromDIBColorTable
 0001:0001E900       PaletteToDIBColorTable
 0002:00000758       PalSize
 0001:00001DFC       ParamStr
 0001:0003C1BC       ParentNotLast
 0002:00000820       Passwords
 0001:00005948       PatBlt
 0002:000028EC       PatternManager
 0001:00005D98       PeekMessage
 0001:00005740       PeekNamedPipe
 0002:000028E0       PenManager
 0002:00000728       PenModes
 0002:00000708       PenStyles
 0001:00005950       PlayEnhMetaFile
 0001:000124B4       Point
 0001:00005418       Point
 0001:000128EC       PointerInModule
 0001:00037260       PointsEqual
 0001:00005FA0       PointToSmallPoint
 0002:00002B64       PopupList
 0001:00005DA0       PostMessage
 0001:00005748       PostQueuedCompletionStatus
 0001:00005DA8       PostQuitMessage
 0001:00025ACC       Printers
 0001:00050014       ProcessExecute
 0001:0004A548       ProcessHorz
 0001:00050114       ProcessUpdate
 0001:0004A5B4       ProcessVert
 0001:000168C4       PropertyNotFound
 0001:00017B28       PropPathError
 0002:00000D2C       Props
 0001:000168B8       PropValueError
 0001:00005DB0       PtInRect
 0002:000000A0       PtrToNil
 0001:0000863C       PutExponent
 0002:00002B1C       QualifyingSites
 0001:0000B378       RaiseAssertException
 0001:000001FC       RaiseException
 0001:000158A0       RaiseException
 0002:00002014       RaiseExceptionProc
 0001:0000C67C       RaiseLastOSError
 0001:0003CF30       ReadControlName
 0001:00018D80       ReadCustomVariant
 0001:00005750       ReadDirectoryChanges
 0001:000168A0       ReadError
 0001:00005758       ReadFile
 0001:0001EBB4       ReadIcon
 0002:00000828       ReadOnlys
 0001:00005958       RealizePalette
 0001:000170DC       Recover
 0001:000124DC       Rect
 0001:000053FC       Rect
 0001:00005968       Rectangle
 0001:00005960       RectVisible
 0001:00005DB8       RedrawWindow
 0002:00002818       RefAnyProc
 0002:00002A40       ReferenceCount
 0001:000002BC       RegCloseKey
 0001:00005548       RegCloseKey
 0002:0000285C       RegGroups
 0001:00013090       RegisterClass
 0001:00005DC0       RegisterClass
 0001:00005DC8       RegisterClipboardFormat
 0001:0003149C       RegisterDockSite
 0001:00013404       RegisterFindGlobalComponentProc
 0001:000132D8       RegisterIntegerConsts
 0001:00004B58       RegisterModule
 0001:00024E24       RegisterViewer
 0001:00005DD0       RegisterWindowMessage
 0001:000002C4       RegOpenKeyEx
 0001:00005550       RegOpenKeyEx
 0001:000002CC       RegQueryValueEx
 0001:00005558       RegQueryValueEx
 0001:0002AF90       RegStr
 0001:00005DD8       ReleaseCapture
 0001:00005DE0       ReleaseDC
 0002:00000048       reMap
 0002:00002618       remBytes
 0001:00000524       RemoveBlock
 0002:000003BC       RemoveDataModule
 0001:00016770       RemoveFixupReferences
 0001:0001681C       RemoveFixups
 0001:00016B14       RemoveGlobalFixup
 0001:00005DE8       RemoveMenu
 0001:00004A74       RemoveModuleUnloadProc
 0001:00004A4C       RemoveModuleUnloadProc
 0001:00005DF0       RemoveProp
 0001:0001946C       RemoveThread
 0001:00005760       ResetEvent
 0001:0001942C       ResetSyncEvent
 0001:00001768       ResizeInPlace
 0001:00005970       RestoreDC
 0001:00049ED0       RestoreFocusState
 0001:00005768       ResumeThread
 0001:00013864       ReturnAddr
 0001:0001450C       ReturnAddr
 0001:000429BC       ReturnAddr
 0001:0001E5E0       RGBQuadToTriple
 0001:0001E598       RGBTripleToQuad
 0002:00002AEC       RM_GetObjectInstance
 0002:00002B80       RM_TaskbarCreated
 0002:00002614       rover
 0001:000105F0       RTLConsts
 0001:00000204       RtlUnwind
 0002:00002018       RTLUnwindProc
 0002:0000006C       runErrMsg
 0001:00001B60       RunErrorAt
 0001:0000D6D8       SafeArrayCreate
 0001:0000D6E0       SafeArrayGetLBound
 0001:0000D6E8       SafeArrayGetUBound
 0001:0000D6F0       SafeArrayPtrOfIndex
 0001:0000CD20       SafeLoadLibrary
 0001:000072EC       SameText
 0001:00005978       SaveDC
 0001:00049EC0       SaveFocusState
 0001:00009EA0       ScanBlanks
 0001:00009FE4       ScanChar
 0001:0000A160       ScanDate
 0001:00009EC4       ScanNumber
 0001:00009F58       ScanString
 0001:0000A4A4       ScanTime
 0001:0000A068       ScanToNumber
 0002:00002B78       Screen
 0002:00002898       ScreenLogPixels
 0001:00005DF8       ScreenToClient
 0002:00000868       ScrollBar
 0001:0004A700       ScrollBarVisible
 0001:00005E00       ScrollWindow
 0001:00001264       SearchSmallBlocks
 0001:00005980       SelectObject
 0001:00005988       SelectPalette
 0001:00030724       SendAppMessage
 0001:0004A150       SendFocusMessage
 0001:00005E08       SendMessage
 0002:00000C88       Separators
 0001:00001E60       Set8087CW
 0001:00005E10       SetActiveWindow
 0001:00051A74       SetAnimation
 0001:00005990       SetBkColor
 0001:00005998       SetBkMode
 0001:000059A0       SetBrushOrgEx
 0001:00005E18       SetCapture
 0001:000309B8       SetCaptureControl
 0001:00005E20       SetClassLong
 0001:0000FF20       SetClearVarToEmptyParam
 0001:00005E28       SetClipboardData
 0001:0001724C       SetCompName
 0001:00005E30       SetCursor
 0001:000059A8       SetDIBColorTable
 0001:00005770       SetEndOfFile
 0001:000059B0       SetEnhMetaFileBits
 0001:00005778       SetErrorMode
 0001:00005780       SetEvent
 0001:0000300C       SetExceptionHandler
 0001:00005788       SetFilePointer
 0001:00010A58       SetFloatProp
 0001:00005E38       SetFocus
 0001:00005E40       SetForegroundWindow
 0001:0003EC80       SetImeMode
 0001:00001BE4       SetInOutRes
 0001:00010CF0       SetInt64Prop
 0001:00010D2C       SetInterfaceProp
 0001:00017E0C       SetInterfaceReference
 0001:00017D28       SetIntIdent
 0002:00000D00       SetLayeredWindowAttributes
 0001:000108BC       SetLongStrProp
 0001:00005E48       SetMenu
 0001:00005E50       SetMenuItemInfo
 0001:00010CB8       SetMethodProp
 0001:00017D70       SetObjectIdent
 0001:000107C4       SetOrdProp
 0001:00005E58       SetParent
 0001:000059B8       SetPixel
 0001:00005E60       SetProp
 0001:00005E68       SetRect
 0001:000059C0       SetROP2
 0001:00005E70       SetScrollInfo
 0001:00005E78       SetScrollPos
 0001:00005E80       SetScrollRange
 0001:00005560       SetSecurityDescriptorDacl
 0001:00010820       SetShortStrProp
 0001:00010874       SetShortStrPropAsLongStr
 0001:000059C8       SetStretchBltMode
 0001:00010954       SetStrProp
 0001:00017054       SetSubComponentState
 0001:000059D0       SetTextColor
 0002:00002A24       SetThemeAppProperties
 0001:00005790       SetThreadLocale
 0001:00005E88       SetTimer
 0001:0000FF08       SetVarAsError
 0001:00010C78       SetVariantProp
 0001:00017DB0       SetVariantReference
 0001:000059D8       SetViewportOrgEx
 0001:00053B14       SetVisible
 0001:00010980       SetWideStrProp
 0001:000108FC       SetWideStrPropAsLongStr
 0001:00005E90       SetWindowLong
 0001:000059E8       SetWindowOrgEx
 0001:00005E98       SetWindowPlacement
 0001:00005EA0       SetWindowPos
 0001:00005EB0       SetWindowsHookEx
 0001:00005EA8       SetWindowText
 0002:000029E8       SetWindowTheme
 0001:000059E0       SetWinMetaFileBits
 0002:0000014C       ShareMode
 0001:0002AF58       ShellAPI
 0001:0002B038       ShlObj
 0001:000429E4       ShortCut
 0002:00002B68       ShortCutItems
 0001:00042A70       ShortCutToText
 0002:0000268C       ShortDateFormat
 0002:00002708       ShortDayNames
 0002:000026A8       ShortMonthNames
 0002:000026A0       ShortTimeFormat
 0002:00000D60       ShowCommands
 0002:00000D78       ShowCommands
 0002:00000D6C       ShowCommands
 0001:00005EB8       ShowCursor
 0001:0000AF78       ShowException
 0002:00000E14       ShowFlags
 0002:00000B7C       ShowFlags
 0001:00049ED8       ShowMDIClientEdge
 0001:0002D35C       ShowMessage
 0001:0002D368       ShowMessagePos
 0001:00005EC0       ShowOwnedPopups
 0001:00005EC8       ShowScrollBar
 0001:00005ED0       ShowWindow
 0001:00051A9C       ShowWinNoAnimate
 0001:0003E1EC       ShowZone
 0001:00019454       SignalSyncEvent
 0002:00000BDC       SizeCursors
 0001:00005798       SizeofResource
 0001:000188B4       SkipBinary
 0001:000188E4       SkipCollection
 0001:0001888C       SkipList
 0001:0000C674       Sleep
 0001:000057A0       Sleep
 0001:000124CC       SmallPoint
 0001:00005F8C       SmallPointToPoint
 0002:00002620       smallTab
 0002:000025E8       spaceRoot
 0001:0001314C       StartClassGroup
 0001:0002D79C       StdActns
 0001:0002AF20       StdCtrls
 0001:0001AB7C       StdWndProc
 0002:000028A0       StockBrush
 0002:000028A4       StockFont
 0002:000028A8       StockIcon
 0002:0000289C       StockPen
 0001:0000805C       StrAlloc
 0001:00008070       StrBufSize
 0001:0000BA28       StrByteType
 0001:0000BC18       StrCharLength
 0002:00002BAC       strCmd
 0001:00007F40       StrComp
 0001:00007E90       StrCopy
 0001:000080B8       StrDispose
 0001:00041178       StreamsEqual
 0001:00007E6C       StrEnd
 0001:000059F0       StretchBlt
 0002:00002BA8       strFilext
 0001:000084C8       StrFmt
 0002:00002BA4       strFolder
 0001:00007F64       StrIComp
 0001:00015730       StringListCompareStrings
 0001:0000C540       StringReplace
 0001:00047E1C       StripHotkey
 0001:00007EB8       StrLCopy
 0001:00007E54       StrLen
 0001:00008514       StrLFmt
 0001:00007FA4       StrLIComp
 0001:00007E80       StrMove
 0001:00008084       StrNew
 0001:0000BC38       StrNextChar
 0001:00007EEC       StrPCopy
 0001:00007F18       StrPLCopy
 0001:00008008       StrPos
 0001:00007FE8       StrScan
 0002:00002BB0       strTmp
 0001:0000A698       StrToDate
 0001:0000A768       StrToDateTime
 0001:00008CF4       StrToFloat
 0001:00007918       StrToInt
 0001:00007954       StrToIntDef
 0001:0000A700       StrToTime
 0001:0002D634       StrUtils
 0002:00000D54       Styles
 0001:0000CC64       Supports
 0001:0000CC88       Supports
 0002:00002850       SyncEvent
 0002:00000468       SyncList
 0001:00025F90       SyncObjs
 0001:000002E4       SysAllocStringLen
 0001:00006518       SysConst
 0002:00000D1C       SysConsts
 0002:00000D24       SysConsts
 0001:0000A828       SysErrorMessage
 0001:00001590       SysFreeMem
 0001:000002F4       SysFreeString
 0001:000013E4       SysGetMem
 0001:000053F4       SysInit
 0002:00002740       SysLocale
 0001:0000196C       SysReallocMem
 0001:000002EC       SysReAllocStringLen
 0001:000051D0       System
 0002:00002890       SystemPalette16
 0001:0001E7C4       SystemPaletteOverride
 0001:00005ED8       SystemParametersInfo
 0001:0000D1F4       SysUtils
 0001:0003FB14       TActionLink.IsCaptionLinked
 0001:0003FB28       TActionLink.IsCheckedLinked
 0001:0003FB3C       TActionLink.IsEnabledLinked
 0001:0003FB50       TActionLink.IsGroupIndexLinked
 0001:0003FB64       TActionLink.IsHelpContextLinked
 0001:0003FB78       TActionLink.IsHelpLinked
 0001:0003FB8C       TActionLink.IsHintLinked
 0001:0003FBA0       TActionLink.IsImageIndexLinked
 0001:0003FBB4       TActionLink.IsShortCutLinked
 0001:0003FBC8       TActionLink.IsVisibleLinked
 0001:0003FBDC       TActionLink.SetAutoCheck
 0001:0003FBE0       TActionLink.SetCaption
 0001:0003FBE4       TActionLink.SetChecked
 0001:0003FBE8       TActionLink.SetEnabled
 0001:0003FBEC       TActionLink.SetGroupIndex
 0001:0003FBF0       TActionLink.SetHelpContext
 0001:0003FBF4       TActionLink.SetHelpKeyword
 0001:0003FBF8       TActionLink.SetHelpType
 0001:0003FBFC       TActionLink.SetHint
 0001:0003FC00       TActionLink.SetImageIndex
 0001:0003FC04       TActionLink.SetShortCut
 0001:0003FC08       TActionLink.SetVisible
 0001:000540D4       TApplication.ActivateHint
 0001:00052C44       TApplication.BringToFront
 0001:00053E18       TApplication.CancelHint
 0001:0005222C       TApplication.CheckIniChange
 0001:00051FA8       TApplication.ControlDestroyed
 0001:00051ADC       TApplication.Create
 0001:00053054       TApplication.CreateForm
 0001:00051DF8       TApplication.CreateHandle
 0001:00051CDC       TApplication.Destroy
 0001:000544A4       TApplication.DispatchAction
 0001:000537E4       TApplication.DoActionIdle
 0001:00053848       TApplication.DoMouseIdle
 0001:00052078       TApplication.DoNormalizeTopMosts
 0001:00054534       TApplication.ExecuteAction
 0001:00054468       TApplication.GetCurrentHelpFile
 0001:00052A78       TApplication.GetIconHandle
 0001:00052C80       TApplication.GetTitle
 0001:000531D4       TApplication.HandleException
 0001:00052F30       TApplication.HandleMessage
 0001:0005378C       TApplication.HelpCommand
 0001:00053704       TApplication.HelpContext
 0001:00053674       TApplication.HelpKeyword
 0001:00053DD4       TApplication.HideHint
 0001:00053C8C       TApplication.HintMouseMessage
 0001:00053D9C       TApplication.HintTimerExpired
 0001:00052F54       TApplication.HookMainWindow
 0001:000545E0       TApplication.HookSynchronizeWakeup
 0001:00053A1C       TApplication.IconChanged
 0001:000538C0       TApplication.Idle
 0001:0005303C       TApplication.Initialize
 0001:000534A4       TApplication.InvokeHelp
 0001:00052CCC       TApplication.IsDlgMsg
 0001:00052DF8       TApplication.IsHintMsg
 0001:00052D40       TApplication.IsKeyMsg
 0001:00052CF0       TApplication.IsMDIMsg
 0001:00052E2C       TApplication.IsShortCut
 0001:00053264       TApplication.MessageBox
 0001:00052A94       TApplication.Minimize
 0001:00052154       TApplication.ModalFinished
 0001:00052128       TApplication.ModalStarted
 0001:00052188       TApplication.NormalizeAllTopMosts
 0001:00052180       TApplication.NormalizeTopMosts
 0001:000539E0       TApplication.NotifyForms
 0001:00052E98       TApplication.ProcessMessage
 0001:00052B44       TApplication.Restore
 0001:00052190       TApplication.RestoreTopMosts
 0001:000530D4       TApplication.Run
 0001:00053A80       TApplication.SetHint
 0001:00053794       TApplication.SetShowHint
 0001:00052284       TApplication.SettingChange
 0001:000533CC       TApplication.ShowException
 0001:00053C20       TApplication.StartHintTimer
 0001:00053C64       TApplication.StopHintTimer
 0001:000531C0       TApplication.Terminate
 0001:00052FB0       TApplication.UnhookMainWindow
 0001:000545F0       TApplication.UnhookSynchronizeWakeup
 0001:0005455C       TApplication.UpdateAction
 0001:00053B70       TApplication.UpdateVisible
 0001:00052214       TApplication.UseRightToLeftAlignment
 0001:000521FC       TApplication.UseRightToLeftReading
 0001:00053BF8       TApplication.ValidateHelpSystem
 0001:000545D0       TApplication.WakeMainThread
 0001:00052378       TApplication.WndProc
 0002:00000D0C       TaskActiveWindow
 0002:00000D14       TaskFirstTopMost
 0002:00000D10       TaskFirstWindow
 0002:00000D18       TaskWindowList
 0001:00030E10       TBaseDragControlObject.Assign
 0001:00030DEC       TBaseDragControlObject.Create
 0001:00030E3C       TBaseDragControlObject.EndDrag
 0001:00030E68       TBaseDragControlObject.Finished
 0001:0001A578       TBasicAction.Change
 0001:0001A414       TBasicAction.Create
 0001:0001A458       TBasicAction.Destroy
 0001:0001A4E4       TBasicAction.Execute
 0001:0001A4B4       TBasicAction.ExecuteTarget
 0001:0001A4B0       TBasicAction.HandlesTarget
 0001:0001A4B8       TBasicAction.Notification
 0001:0001A58C       TBasicAction.RegisterChanges
 0001:0001A5D8       TBasicAction.SetActionComponent
 0001:0001A51C       TBasicAction.SetOnExecute
 0001:0001A598       TBasicAction.UnRegisterChanges
 0001:0001A500       TBasicAction.Update
 0001:0001A4E0       TBasicAction.UpdateTarget
 0001:0001A364       TBasicActionLink.AssignClient
 0001:0001A39C       TBasicActionLink.Change
 0001:0001A320       TBasicActionLink.Create
 0001:0001A368       TBasicActionLink.Destroy
 0001:0001A3B4       TBasicActionLink.Execute
 0001:0001A3FC       TBasicActionLink.IsOnExecuteLinked
 0001:0001A3D0       TBasicActionLink.SetAction
 0001:0001A400       TBasicActionLink.SetOnExecute
 0001:0001A408       TBasicActionLink.Update
 0001:00021C1C       TBitmap.Assign
 0001:00021DF8       TBitmap.Changed
 0001:00021DD4       TBitmap.Changing
 0001:00021D14       TBitmap.CopyImage
 0001:00021B78       TBitmap.Create
 0001:00021BE0       TBitmap.Destroy
 0001:00022284       TBitmap.DIBNeeded
 0001:00021E04       TBitmap.Dormant
 0001:00021E78       TBitmap.Draw
 0001:000222F8       TBitmap.FreeContext
 0001:000220C8       TBitmap.FreeImage
 0001:00022148       TBitmap.GetCanvas
 0001:0002212C       TBitmap.GetEmpty
 0001:00022190       TBitmap.GetHandle
 0001:000221B4       TBitmap.GetHandleType
 0001:000221E0       TBitmap.GetHeight
 0001:000221F0       TBitmap.GetMaskHandle
 0001:00022204       TBitmap.GetMonochrome
 0001:00022220       TBitmap.GetPalette
 0001:00022234       TBitmap.GetTransparentColor
 0001:0002227C       TBitmap.GetWidth
 0001:00022308       TBitmap.HandleNeeded
 0001:000224C0       TBitmap.LoadFromClipboardFormat
 0001:00022544       TBitmap.LoadFromStream
 0001:000223A8       TBitmap.MaskHandleNeeded
 0001:00022568       TBitmap.NewImage
 0001:00022408       TBitmap.PaletteNeeded
 0001:00022668       TBitmap.ReadData
 0001:00022690       TBitmap.ReadDIB
 0001:00022BF8       TBitmap.ReadStream
 0001:00023328       TBitmap.SaveToClipboardFormat
 0001:00023320       TBitmap.SaveToStream
 0001:00022C68       TBitmap.SetHandle
 0001:00022D2C       TBitmap.SetHandleType
 0001:00022E64       TBitmap.SetHeight
 0001:00022EB8       TBitmap.SetMonochrome
 0001:00022F38       TBitmap.SetPalette
 0001:0002300C       TBitmap.SetWidth
 0001:00023060       TBitmap.WriteData
 0001:00023068       TBitmap.WriteStream
 0001:00020EDC       TBitmapCanvas.Create
 0001:00020FE4       TBitmapCanvas.CreateHandle
 0001:00020F18       TBitmapCanvas.Destroy
 0001:00020F44       TBitmapCanvas.FreeContext
 0001:000210F4       TBitmapImage.Destroy
 0001:00021150       TBitmapImage.FreeHandle
 0001:00013D20       TBits.Destroy
 0001:00013D50       TBits.Error
 0001:00013E44       TBits.OpenBit
 0001:00013E18       TBits.SetBit
 0001:00013D74       TBits.SetSize
 0001:0001D554       TBrush.Assign
 0001:0001D4EC       TBrush.Create
 0001:0001D52C       TBrush.Destroy
 0001:0001D68C       TBrush.GetColor
 0001:0001D5FC       TBrush.GetData
 0001:0001D6C8       TBrush.GetHandle
 0001:0001D7A8       TBrush.GetStyle
 0001:0001D668       TBrush.SetBitmap
 0001:0001D694       TBrush.SetColor
 0001:0001D618       TBrush.SetData
 0001:0001D7B0       TBrush.SetStyle
 0001:0002AC18       TButton.Click
 0001:0002ADA0       TButton.CMDialogChar
 0001:0002AD30       TButton.CMDialogKey
 0001:0002AE24       TButton.CMFocusChanged
 0001:0002AD1C       TButton.CNCommand
 0001:0002AEA4       TButton.CNCtlColorBtn
 0001:0002ABB4       TButton.Create
 0001:0002ACC8       TButton.CreateParams
 0001:0002AD04       TButton.CreateWnd
 0001:0002AC40       TButton.SetButtonStyle
 0001:0002AC94       TButton.SetDefault
 0001:0002AC3C       TButton.UseRightToLeftAlignment
 0001:0002AE78       TButton.WMEraseBkgnd
 0001:0002A920       TButtonActionLink.AssignClient
 0001:0002A944       TButtonActionLink.IsCheckedLinked
 0001:0002A97C       TButtonActionLink.SetChecked
 0001:0002AA34       TButtonControl.ActionChange
 0001:0002AB04       TButtonControl.CNCtlColorStatic
 0001:0002A9E0       TButtonControl.Create
 0001:0002AB7C       TButtonControl.CreateParams
 0001:0002AA7C       TButtonControl.GetActionLinkClass
 0001:0002AA84       TButtonControl.GetChecked
 0001:0002AA88       TButtonControl.SetChecked
 0001:0002ABA0       TButtonControl.SetWordWrap
 0001:0002AB50       TButtonControl.WMEraseBkGnd
 0001:0002AA8C       TButtonControl.WndProc
 0001:0001DFF0       TCanvas.BrushChanged
 0001:0001DEC4       TCanvas.Changed
 0001:0001DEB0       TCanvas.Changing
 0001:0001D904       TCanvas.CopyRect
 0001:0001D7E4       TCanvas.Create
 0001:0001DF34       TCanvas.CreateBrush
 0001:0001DED8       TCanvas.CreateFont
 0001:0001DDE4       TCanvas.CreateHandle
 0001:0001DF04       TCanvas.CreatePen
 0001:0001DD88       TCanvas.DeselectHandles
 0001:0001D8A8       TCanvas.Destroy
 0001:0001D98C       TCanvas.Draw
 0001:0001DA38       TCanvas.FillRect
 0001:0001DFB0       TCanvas.FontChanged
 0001:0001DD68       TCanvas.GetHandle
 0001:0001DCB0       TCanvas.GetPenPos
 0001:0001DCF4       TCanvas.GetPixel
 0001:0001DA74       TCanvas.LineTo
 0001:0001DAAC       TCanvas.Lock
 0001:0001DAD4       TCanvas.MoveTo
 0001:0001DFD0       TCanvas.PenChanged
 0001:0001DB00       TCanvas.Rectangle
 0001:0001DE3C       TCanvas.RequiredState
 0001:0001DCA4       TCanvas.SetBrush
 0001:0001DC88       TCanvas.SetFont
 0001:0001DDE8       TCanvas.SetHandle
 0001:0001DC98       TCanvas.SetPen
 0001:0001DCD4       TCanvas.SetPenPos
 0001:0001DD20       TCanvas.SetPixel
 0001:0001DB48       TCanvas.StretchDraw
 0001:0001DB84       TCanvas.TextExtent
 0001:0001DBE4       TCanvas.TextHeight
 0001:0001DBC8       TCanvas.TextWidth
 0001:0001DC04       TCanvas.TryLock
 0001:0001DC60       TCanvas.Unlock
 0001:00041A0C       TChangeLink.Change
 0001:000419D8       TChangeLink.Destroy
 0001:00012DC0       TClassFinder.Create
 0001:00012EEC       TClassFinder.Destroy
 0001:00012F1C       TClassFinder.GetClass
 0001:0001FAA0       TClipboardFormats.Add
 0001:0001F9F4       TClipboardFormats.Create
 0001:0001FA74       TClipboardFormats.Destroy
 0001:00014144       TCollection.Add
 0001:00014164       TCollection.Clear
 0001:0002C3CC       TCommonDialog.Create
 0001:0002C470       TCommonDialog.DefaultHandler
 0001:0002C414       TCommonDialog.Destroy
 0001:0002C614       TCommonDialog.DoClose
 0001:0002C628       TCommonDialog.DoShow
 0001:0002C4A8       TCommonDialog.MainWndProc
 0001:0002C448       TCommonDialog.MessageHook
 0001:0002C540       TCommonDialog.TaskModalDialog
 0001:0002C4FC       TCommonDialog.WMDestroy
 0001:0002C514       TCommonDialog.WMInitDialog
 0001:0002C52C       TCommonDialog.WMNCDestroy
 0001:0002C4F4       TCommonDialog.WndProc
 0001:00019BC0       TComponent.BeforeDestruction
 0001:0001A0E0       TComponent.ChangeName
 0001:00019AFC       TComponent.Create
 0001:00019E74       TComponent.DefineProperties
 0001:00019B48       TComponent.Destroy
 0001:00019D44       TComponent.DestroyComponents
 0001:00019D9C       TComponent.Destroying
 0001:0001A22C       TComponent.ExecuteAction
 0001:0001A004       TComponent.FindComponent
 0001:00019BCC       TComponent.FreeNotification
 0001:00019F08       TComponent.GetChildOwner
 0001:00019F0C       TComponent.GetChildParent
 0001:00019F00       TComponent.GetChildren
 0001:0001A0F4       TComponent.GetComponent
 0001:0001A120       TComponent.GetComponentCount
 0001:00019F10       TComponent.GetNamePath
 0001:00019F24       TComponent.GetOwner
 0001:00019F2C       TComponent.GetParentComponent
 0001:00019EFC       TComponent.HasParent
 0001:00019C60       TComponent.Insert
 0001:00019CB4       TComponent.InsertComponent
 0001:0001A31C       TComponent.IntfGetComponent
 0001:00019F4C       TComponent.Loaded
 0001:00019E18       TComponent.Notification
 0001:00019F58       TComponent.PaletteCreated
 0001:0001A29C       TComponent.QueryInterface
 0001:00019C20       TComponent.ReadLeft
 0001:00019F5C       TComponent.ReadState
 0001:00019C34       TComponent.ReadTop
 0001:00019C8C       TComponent.Remove
 0001:00019D0C       TComponent.RemoveComponent
 0001:00019DFC       TComponent.RemoveFreeNotification
 0001:00019DD8       TComponent.RemoveNotification
 0001:0001A27C       TComponent.SafeCallException
 0001:00019F28       TComponent.SetChildOrder
 0001:0001A130       TComponent.SetComponentIndex
 0001:0001A184       TComponent.SetDesigning
 0001:0001A054       TComponent.SetName
 0001:00019F30       TComponent.SetParentComponent
 0001:0001A1D4       TComponent.SetReference
 0001:0001A254       TComponent.UpdateAction
 0001:00019F40       TComponent.Updated
 0001:0001A294       TComponent.UpdateRegistry
 0001:00019F34       TComponent.Updating
 0001:00019FEC       TComponent.ValidateContainer
[...]
 0002:00002934       .2
 0002:00002938       HelpManager
 0002:0000293C       .3
 0002:00002940       .3
 0002:00002944       FlatSB_EnableScrollBar
 0002:00002948       FlatSB_ShowScrollBar
 0002:0000294C       FlatSB_GetScrollRange
 0002:00002950       FlatSB_GetScrollInfo
 0002:00002954       FlatSB_GetScrollPos
 0002:00002958       FlatSB_SetScrollPos
 0002:0000295C       FlatSB_SetScrollInfo
 0002:00002960       FlatSB_SetScrollRange
 0002:00002964       .1
 0002:00002968       _FlatSB_GetScrollProp
 0002:0000296C       _FlatSB_SetScrollProp
 0002:00002970       _InitializeFlatSB
 0002:00002974       _UninitializeFlatSB
 0002:00002978       .6
 0002:0000297C       OpenThemeData
 0002:00002980       CloseThemeData
 0002:00002984       DrawThemeBackground
 0002:00002988       DrawThemeText
 0002:0000298C       GetThemeBackgroundContentRect
 0002:00002990       GetThemeBackgroundExtent
 0002:00002994       GetThemePartSize
 0002:00002998       GetThemeTextExtent
 0002:0000299C       GetThemeTextMetrics
 0002:000029A0       GetThemeBackgroundRegion
 0002:000029A4       HitTestThemeBackground
 0002:000029A8       DrawThemeEdge
 0002:000029AC       DrawThemeIcon
 0002:000029B0       IsThemePartDefined
 0002:000029B4       IsThemeBackgroundPartiallyTransparent
 0002:000029B8       GetThemeColor
 0002:000029BC       GetThemeMetric
 0002:000029C0       GetThemeString
 0002:000029C4       GetThemeBool
 0002:000029C8       GetThemeInt
 0002:000029CC       GetThemeEnumValue
 0002:000029D0       GetThemePosition
 0002:000029D4       GetThemeFont
 0002:000029D8       GetThemeRect
 0002:000029DC       GetThemeMargins
 0002:000029E0       GetThemeIntList
 0002:000029E4       GetThemePropertyOrigin
 0002:000029E8       SetWindowTheme
 0002:000029EC       GetThemeFilename
 0002:000029F0       GetThemeSysColor
 0002:000029F4       GetThemeSysColorBrush
 0002:000029F8       GetThemeSysBool
 0002:000029FC       GetThemeSysSize
 0002:00002A00       GetThemeSysFont
 0002:00002A04       GetThemeSysString
 0002:00002A08       GetThemeSysInt
 0002:00002A0C       IsThemeActive
 0002:00002A10       IsAppThemed
 0002:00002A14       GetWindowTheme
 0002:00002A18       EnableThemeDialogTexture
 0002:00002A1C       IsThemeDialogTextureEnabled
 0002:00002A20       GetThemeAppProperties
 0002:00002A24       SetThemeAppProperties
 0002:00002A28       GetCurrentThemeName
 0002:00002A2C       GetThemeDocumentationProperty
 0002:00002A30       DrawThemeParentBackground
 0002:00002A34       EnableTheming
 0002:00002A38       .1
 0002:00002A3C       ThemeLibrary
 0002:00002A40       ReferenceCount
 0002:00002A44       Lock
 0002:00002A48       .2
 0002:00002A4C       InternalServices
 0002:00002A50       .42
 0002:00002A54       .1
 0002:00002A58       .1
 0002:00002A5C       .1
 0002:00002A60       .1
 0002:00002A64       .1
 0002:00002A68       .1
 0002:00002A6C       .12
 0002:00002A70       .1
 0002:00002A74       .11
 0002:00002A78       HelpMsg
 0002:00002A7C       FindMsg
 0002:00002A80       ButtonWidths
 0002:00002AAC       CF_PICTURE
 0002:00002AAE       CF_COMPONENT
 0002:00002AB0       .2
 0002:00002AB4       FClipboard
 0002:00002AB8       .1
 0002:00002ABC       .73
 0002:00002AC0       WinHelpTester
 0002:00002AC4       ViewerName
 0002:00002AC8       .1
 0002:00002ACC       HelpViewer
 0002:00002AD0       HelpViewerIntf
 0002:00002AD4       Mouse
 0002:00002AD8       NewStyleControls
 0002:00002ADC       .72
 0002:00002AE0       WindowAtom
 0002:00002AE2       ControlAtom
 0002:00002AE4       WindowAtomString
 0002:00002AE8       ControlAtomString
 0002:00002AEC       RM_GetObjectInstance
 0002:00002AF0       DragControl
 0002:00002AF4       DragObject
 0002:00002AF8       DragInternalObject
 0002:00002AFC       DragCapture
 0002:00002B00       DragStartPos
 0002:00002B08       DragSaveCursor
 0002:00002B0C       DragThreshold
 0002:00002B10       ActiveDrag
 0002:00002B14       DragImageList
 0002:00002B18       DockSiteList
 0002:00002B1C       QualifyingSites
 0002:00002B20       DragSave
 0002:00002B24       CanvasList
 0002:00002B28       _WINNLSEnableIME
 0002:00002B2C       _ImmGetContext
 0002:00002B30       _ImmReleaseContext
 0002:00002B34       _ImmGetConversionStatus
 0002:00002B38       _ImmSetConversionStatus
 0002:00002B3C       _ImmSetOpenStatus
 0002:00002B40       _ImmSetCompositionWindow
 0002:00002B44       _ImmSetCompositionFont
 0002:00002B48       _ImmGetCompositionString
 0002:00002B4C       _ImmIsIME
 0002:00002B50       _ImmNotifyIME
 0002:00002B54       .8
 0002:00002B58       .3
 0002:00002B5C       CachedComCtrlVer
 0002:00002B60       ImageListWriteExProc
 0002:00002B64       PopupList
 0002:00002B68       ShortCutItems
 0002:00002B6C       .9
 0002:00002B70       CommandPool
 0002:00002B74       Application
 0002:00002B78       Screen
 0002:00002B7C       .41
 0002:00002B80       RM_TaskbarCreated
 0002:00002B84       HintThreadID
 0002:00002B88       HintDoneEvent
 0002:00002B8C       HintHook
 0002:00002B90       HintThread
 0002:00002B94       .8
 0002:00002B98       .3
 0002:00002B9C       .7
 0002:00002BA0       MainForm
 0002:00002BA4       strFolder
 0002:00002BA8       strFilext
 0002:00002BAC       strCmd
 0002:00002BB0       strTmp
 0002:00002BB4       bolRun
 0002:00002BB8       .2
 0002:00002BBC       .1


Line numbers for Consts(Consts.pas) segment .text

   309 0001:0001B12C   309 0001:0001B133

Line numbers for Dialogs(Dialogs.pas) segment .text

   489 0001:0002C3CC   490 0001:0002C3DE   491 0001:0002C3E7   493 0001:0002C3EB
   498 0001:0002C410   501 0001:0002C414   503 0001:0002C41F   508 0001:0002C42B
   509 0001:0002C442   513 0001:0002C448   514 0001:0002C44A   516 0001:0002C45A
   517 0001:0002C46B   519 0001:0002C46F   522 0001:0002C470   523 0001:0002C477
   524 0001:0002C47E   526 0001:0002C498   527 0001:0002C4A1   530 0001:0002C4A8
   531 0001:0002C4B2   532 0001:0002C4C0   534 0001:0002C4D7   536 0001:0002C4EB
   540 0001:0002C4F4   541 0001:0002C4F9   544 0001:0002C4FC   545 0001:0002C4FF
   546 0001:0002C506   547 0001:0002C511   550 0001:0002C514   552 0001:0002C518
   554 0001:0002C521   555 0001:0002C526   558 0001:0002C52C   559 0001:0002C52F
   560 0001:0002C536   561 0001:0002C53B   571 0001:0002C540   572 0001:0002C54F
   573 0001:0002C557   574 0001:0002C561   575 0001:0002C569   576 0001:0002C577
   579 0001:0002C58D   581 0001:0002C590   582 0001:0002C59E   583 0001:0002C5A6
   586 0001:0002C5B9   587 0001:0002C5BB   589 0001:0002C5BE   592 0001:0002C5E9
   593 0001:0002C5F1   594 0001:0002C5FA   596 0001:0002C60D   599 0001:0002C614
   600 0001:0002C615   601 0001:0002C626   604 0001:0002C628   605 0001:0002C629
   606 0001:0002C63A  1856 0001:0002C63C  1857 0001:0002C645  1858 0001:0002C655
  1859 0001:0002C667  1860 0001:0002C67C  1861 0001:0002C688  1880 0001:0002C808
  1881 0001:0002C823  1882 0001:0002C82E  1883 0001:0002C838  1884 0001:0002C84E
  1885 0001:0002C878  1889 0001:0002C880  1890 0001:0002C894  1893 0001:0002C898
  1894 0001:0002C8B1  1896 0001:0002C8C1  1897 0001:0002C8C6  1899 0001:0002C8F7
  1905 0001:0002C904  1906 0001:0002C926  1908 0001:0002C935  1909 0001:0002C943
  1910 0001:0002C95A  1911 0001:0002C968  1912 0001:0002C974  1913 0001:0002C982
  1914 0001:0002C99D  1915 0001:0002C9A2  1917 0001:0002C9BA  1920 0001:0002C9DA
  1921 0001:0002C9E3  1924 0001:0002C9FA  1928 0001:0002CA07  1929 0001:0002CA3B
  1935 0001:0002CA44  1936 0001:0002CA7A  1937 0001:0002CA99  1938 0001:0002CAAA
  1939 0001:0002CAC2  1940 0001:0002CAF8  1937 0001:0002CAF9  1941 0001:0002CAFC
  1942 0001:0002CB20  1945 0001:0002CBFC  1985 0001:0002CCE4  1986 0001:0002CD13
  1989 0001:0002CD2A  1990 0001:0002CD3C  1991 0001:0002CD46  1992 0001:0002CD59
  1993 0001:0002CD63  1994 0001:0002CD79  1995 0001:0002CD89  1996 0001:0002CD99
  1997 0001:0002CDA9  1998 0001:0002CDB5  1999 0001:0002CDC2  2000 0001:0002CDCF
  2002 0001:0002CDDD  2004 0001:0002CDEC  2006 0001:0002CDF1  2007 0001:0002CE02
  2011 0001:0002CE3F  2013 0001:0002CE4A  2014 0001:0002CE51  2016 0001:0002CE54
  2000 0001:0002CE5C  2017 0001:0002CE65  2018 0001:0002CE75  2019 0001:0002CE85
  2020 0001:0002CEA8  2023 0001:0002CEE0  2024 0001:0002CEEF  2025 0001:0002CEF2
  2026 0001:0002CEF8  2028 0001:0002CEFE  2029 0001:0002CF03  2031 0001:0002CF10
  2032 0001:0002CF12  2033 0001:0002CF14  2032 0001:0002CF26  2034 0001:0002CF2B
  2035 0001:0002CF2D  2036 0001:0002CF31  2038 0001:0002CF3D  2039 0001:0002CF57
  2041 0001:0002CF6F  2042 0001:0002CF9B  2043 0001:0002CFC7  2044 0001:0002CFCD
  2045 0001:0002CFEE  2046 0001:0002D008  2047 0001:0002D00E  2049 0001:0002D01F
  2050 0001:0002D02B  2051 0001:0002D035  2052 0001:0002D052  2054 0001:0002D066
  2057 0001:0002D080  2058 0001:0002D08C  2059 0001:0002D096  2060 0001:0002D09F
  2061 0001:0002D0A9  2062 0001:0002D0B3  2063 0001:0002D0C0  2064 0001:0002D0C9
  2065 0001:0002D0D8  2066 0001:0002D0E9  2069 0001:0002D101  2070 0001:0002D10D
  2071 0001:0002D119  2072 0001:0002D11D  2073 0001:0002D129  2074 0001:0002D135
  2075 0001:0002D139  2076 0001:0002D14D  2077 0001:0002D162  2078 0001:0002D175
  2080 0001:0002D187  2081 0001:0002D194  2082 0001:0002D19F  2083 0001:0002D1B4
  2084 0001:0002D1C2  2085 0001:0002D1D1  2086 0001:0002D1E0  2088 0001:0002D1FF
  2089 0001:0002D208  2090 0001:0002D20D  2091 0001:0002D223  2076 0001:0002D22F
  2093 0001:0002D25D  2103 0001:0002D284  2104 0001:0002D28C  2105 0001:0002D2A3
  2110 0001:0002D2A8  2111 0001:0002D2BD  2112 0001:0002D2CC  2113 0001:0002D2DA
  2114 0001:0002D2E5  2115 0001:0002D2F5  2116 0001:0002D303  2117 0001:0002D311
  2118 0001:0002D323  2120 0001:0002D33E  2122 0001:0002D351  2126 0001:0002D35C
  2127 0001:0002D367  2136 0001:0002D368  2137 0001:0002D37A  2254 0001:0002D380
  2255 0001:0002D383  2256 0001:0002D392  2257 0001:0002D3A1  2259 0001:0002D3DD
  2267 0001:0002D4D4  2268 0001:0002D52D  2261 0001:0002D530  2262 0001:0002D543
  2263 0001:0002D548  2264 0001:0002D552  2265 0001:0002D55C  2266 0001:0002D56C

Line numbers for FileSystemWatcher(FileSystemWatcher.pas) segment .text

   129 0001:00055A84   131 0001:00055A99   133 0001:00055A9D   135 0001:00055AA9
   137 0001:00055AB2   139 0001:00055AB7   141 0001:00055ABC   143 0001:00055ADE
   147 0001:00055AE4   149 0001:00055AEF   151 0001:00055AF8   153 0001:00055B01
   155 0001:00055B0A   157 0001:00055B21   175 0001:00055B24   177 0001:00055B28
   179 0001:00055B41   181 0001:00055B60   185 0001:00055B64   187 0001:00055B7F
   189 0001:00055B86   191 0001:00055B96   193 0001:00055BD5   195 0001:00055BDC
   197 0001:00055C2C   199 0001:00055C34   201 0001:00055C4C   203 0001:00055C60
   205 0001:00055C68   209 0001:00055C70   211 0001:00055C72   213 0001:00055C74
   215 0001:00055C7C   219 0001:00055C8F   221 0001:00055CBE   223 0001:00055CC5
   229 0001:00055CCE   231 0001:00055CFD   237 0001:00055D06   239 0001:00055D0C
   241 0001:00055D3B   251 0001:00055D42   253 0001:00055D48   255 0001:00055D82
   271 0001:00055D8C   275 0001:00055D99   277 0001:00055DA0   279 0001:00055DA3
   281 0001:00055DA6   283 0001:00055DAD   285 0001:00055DB1   287 0001:00055DB8
   289 0001:00055DCF   291 0001:00055DD8   293 0001:00055DE5   295 0001:00055DED
   297 0001:00055DFF   273 0001:00055E30   305 0001:00055E3A   307 0001:00055E46
   313 0001:00055E50   315 0001:00055E59   325 0001:00055E5C   327 0001:00055E61
   329 0001:00055E63   331 0001:00055E6C   333 0001:00055E7B   335 0001:00055E84
   341 0001:00055EA6   343 0001:00055EAD   345 0001:00055EB0   347 0001:00055EB7
   349 0001:00055ECB   351 0001:00055ED2   353 0001:00055ED7   355 0001:00055EDC
   357 0001:00055EE3   363 0001:00055EE5   365 0001:00055EF8   367 0001:00055EFF
   369 0001:00055F02   371 0001:00055F09   373 0001:00055F11   375 0001:00055F23
   377 0001:00055F5C   383 0001:00055F60   385 0001:00055F8A   387 0001:00055F90
   389 0001:00055F99   391 0001:00055FAF   393 0001:00055FB2   395 0001:00055FDB
   401 0001:00055FE4   403 0001:00055FED   409 0001:00055FF0   411 0001:00055FF4
   415 0001:00055FFA   417 0001:00056001   421 0001:00056024   425 0001:00056028
   427 0001:0005603A   429 0001:00056043   431 0001:00056047   433 0001:00056054
   435 0001:0005605C   437 0001:00056060   439 0001:0005607F   443 0001:00056094
   445 0001:0005609F   447 0001:000560A6   449 0001:000560AB   451 0001:000560C2
   457 0001:000560C8   459 0001:000560CA   461 0001:000560D0   463 0001:000560D3
   465 0001:000560D9   467 0001:000560DC   469 0001:000560E2   471 0001:000560E5
   473 0001:000560EB   475 0001:000560EE   477 0001:000560F4   479 0001:000560F7
   481 0001:000560FD   483 0001:00056100   485 0001:00056106   487 0001:00056109
   489 0001:0005610F   491 0001:00056117   495 0001:00056118   497 0001:0005611B
   499 0001:00056120   501 0001:00056123   503 0001:0005612A   505 0001:00056130
   509 0001:00056139   513 0001:00056140   517 0001:00056144   519 0001:0005614B
   521 0001:00056153   523 0001:00056159   527 0001:00056160   531 0001:00056164
   533 0001:0005616A   535 0001:00056176   537 0001:00056183   541 0001:0005618C
   543 0001:00056193   545 0001:0005619A   549 0001:000561A0   551 0001:000561A6
   553 0001:000561B4   555 0001:000561BE   559 0001:000561C5   565 0001:000561C8
   567 0001:000561CD   569 0001:000561D0   573 0001:000561D5   577 0001:000561D8
   579 0001:000561DC   583 0001:000561E2   585 0001:000561E9   587 0001:00056200
   589 0001:00056223   593 0001:0005622B   597 0001:00056230   599 0001:00056233
   603 0001:00056239   605 0001:00056240   607 0001:00056245   611 0001:0005624A
   613 0001:0005627C   613 0001:00056283

Line numbers for DosCommand(DosCommand.pas) segment .text

   216 0001:000566CC   217 0001:000566DE   218 0001:000566E7   219 0001:000566F0
   220 0001:00056714   226 0001:00056718   227 0001:0005671B   228 0001:0005671E
   233 0001:00056720   234 0001:00056723   235 0001:0005672F   236 0001:00056734
   237 0001:00056739   238 0001:00056742   244 0001:00056744   245 0001:00056749
   251 0001:0005674C   252 0001:00056753   275 0001:00056754   277 0001:00056778
   278 0001:00056785   280 0001:0005678F   281 0001:0005679C   282 0001:000567A7
   283 0001:000567B6   286 0001:000567C1   287 0001:000567C9   289 0001:000567CE
   290 0001:000567D7   292 0001:000567E1   294 0001:000567F8   295 0001:00056803
   298 0001:00056808   300 0001:0005681F   301 0001:0005682A   302 0001:00056833
   303 0001:0005683C   306 0001:00056841   310 0001:0005684D   311 0001:00056854
   312 0001:0005685A   313 0001:00056860   314 0001:00056866   315 0001:0005686C
   318 0001:0005687A   321 0001:000568AB   323 0001:000568E3   324 0001:000568EA
   325 0001:000568F3   326 0001:000568FC   327 0001:00056905   328 0001:0005690E
   331 0001:00056913   332 0001:0005691B   333 0001:0005691F   334 0001:00056926
   335 0001:00056931   337 0001:0005693F   338 0001:0005694F   340 0001:0005696A
   341 0001:00056974   342 0001:0005697C   343 0001:00056982   345 0001:0005698D
   346 0001:0005699A   347 0001:000569B1   348 0001:000569BC   350 0001:000569C3
   351 0001:000569E0   354 0001:000569E6   355 0001:000569E7   356 0001:000569F2
   357 0001:00056A00   358 0001:00056A09   359 0001:00056A0F   360 0001:00056A2B
   363 0001:00056A31   364 0001:00056A3F   365 0001:00056A49   366 0001:00056A5D
   369 0001:00056A6A   370 0001:00056A6B   371 0001:00056A79   372 0001:00056A7A
   373 0001:00056A85   374 0001:00056A93   375 0001:00056A9C   376 0001:00056AA2
   377 0001:00056ABE   380 0001:00056AC4   381 0001:00056AD2   382 0001:00056ADC
   383 0001:00056AF0   386 0001:00056AFA   387 0001:00056B15   349 0001:00056B16
   391 0001:00056B28   392 0001:00056B33   394 0001:00056B3D   395 0001:00056B47
   396 0001:00056B4D   398 0001:00056B63   399 0001:00056B6D   400 0001:00056B77
   401 0001:00056B8B   408 0001:00056B94   409 0001:00056BA1   410 0001:00056BCC
   409 0001:00056BF1   411 0001:00056BF4   413 0001:00056C12   414 0001:00056C38
   415 0001:00056C5D   417 0001:00056C80   418 0001:00056CA1   419 0001:00056CB5
   421 0001:00056CC2   423 0001:00056D20   424 0001:00056D29   425 0001:00056D2F
   426 0001:00056D50   427 0001:00056D6C   430 0001:00056D72   431 0001:00056D96
   432 0001:00056DA0   433 0001:00056DB4   435 0001:00056DBC   406 0001:00056DC9
   438 0001:00056DE5   440 0001:00056DEC   441 0001:00056DF5   443 0001:00056E03
   448 0001:00056E3E   449 0001:00056E44   450 0001:00056E52   451 0001:00056E5C
   452 0001:00056E62   454 0001:00056E78   455 0001:00056E82   456 0001:00056E8C
   459 0001:00056EAD   461 0001:00056EBD   462 0001:00056EC5   463 0001:00056ECD
   464 0001:00056ED9   465 0001:00056EE5   466 0001:00056EEE   467 0001:00056EF7
   468 0001:00056F00   469 0001:00056F09   470 0001:00056F14   471 0001:00056F1E
   472 0001:00056F5F   478 0001:00056F80   479 0001:00056F85   486 0001:00056F88
   487 0001:00056FB6   488 0001:00056FB9   489 0001:00056FC4   490 0001:00056FCA
   491 0001:00056FD0   492 0001:00056FE1   493 0001:00056FE8   494 0001:00056FEE
   495 0001:00056FFA   496 0001:00057006   497 0001:0005700C   498 0001:00057012
   499 0001:00057018   500 0001:0005701E   501 0001:0005705D   506 0001:00057064
   507 0001:00057079   508 0001:00057084   509 0001:00057087   510 0001:0005708F
   511 0001:000570A0   512 0001:000570A7   513 0001:000570AC   514 0001:000570B1
   515 0001:000570B6   516 0001:000570D4   522 0001:000570D8   523 0001:000570DD
   524 0001:000570E0   529 0001:000570E4   530 0001:000570E7   531 0001:000570ED
   532 0001:00057103   533 0001:00057109   534 0001:0005711B   535 0001:00057123
   536 0001:0005712B   539 0001:00057168   544 0001:00057190   545 0001:00057193
   547 0001:0005719A   548 0001:0005719E   549 0001:000571A6   551 0001:000571AB
   558 0001:000571B0   559 0001:000571DB   560 0001:000571E2   561 0001:0005722C
   579 0001:00057264   579 0001:0005726B

Line numbers for main(main.pas) segment .text

    57 0001:00057530    58 0001:00057557    59 0001:00057588    61 0001:0005759C
    62 0001:000575D8    66 0001:00057600    67 0001:0005761E    70 0001:00057625
    71 0001:00057633    73 0001:0005765C    74 0001:00057666    77 0001:00057678
    79 0001:00057681    83 0001:0005768B    84 0001:00057699    86 0001:000576C2
    87 0001:000576CC    90 0001:000576DE    91 0001:000576EF    93 0001:000576F9
    94 0001:00057717    96 0001:00057735    97 0001:00057749   100 0001:0005777B
   103 0001:00057828   104 0001:0005782B   105 0001:00057839   106 0001:0005784A
   108 0001:00057857   110 0001:00057865   111 0001:0005786C   114 0001:00057870
   115 0001:00057873   116 0001:00057881   121 0001:00057884   122 0001:000578A5
   124 0001:000578AE   125 0001:000578C8   129 0001:000578DC   130 0001:000578EA
   131 0001:000578F8   132 0001:00057901   138 0001:0005790B   140 0001:0005792C
   142 0001:0005793E   143 0001:00057958   148 0001:00057976   156 0001:0005799D
   160 0001:000579F8   165 0001:00057A15   167 0001:00057A22   168 0001:00057A30
   169 0001:00057A4A   171 0001:00057A68   173 0001:00057A76   174 0001:00057A8D
   176 0001:00057AAA   177 0001:00057AB8   201 0001:00057AD9   202 0001:00057AE3
   205 0001:00057B17   211 0001:00057B58   212 0001:00057B65   217 0001:00057B68
   218 0001:00057B80   219 0001:00057B9A   220 0001:00057BB7   221 0001:00057BC9
   223 0001:00057BCD   227 0001:00057BDB   229 0001:00057C09   233 0001:00057C50
   234 0001:00057C5B   236 0001:00057CB4   236 0001:00057CBB

Line numbers for ClientFunction(ClientFunction.pas) segment .text

    55 0001:00057CBC    56 0001:00057CE3    57 0001:00057D16    59 0001:00057D2C
    60 0001:00057D33    61 0001:00057D5F   170 0001:00057DBC   170 0001:00057DC3

Line numbers for workermanHelper(F:\Delphi\workermanHelper\workermanHelper.dpr) segment .text

     9 0001:00057F94    10 0001:00057FA4    11 0001:00057FB0    12 0001:00057FC8
    13 0001:00057FD4

Bound resource files

d:\green\borland\delphi7\Lib\Controls.res
main.dfm
workermanHelper.res
workermanHelper.drf


Program entry point at 0001:00057F94
